Archive member included to satisfy reference by file (symbol)

c:/program files (x86)/atmel/studio/7.0/toolchain/arm/arm-gnu-toolchain/bin/../lib/gcc/arm-none-eabi/6.2.1/../../../../arm-none-eabi/lib/thumb/v7e-m\libc.a(lib_a-exit.o)
                              c:/program files (x86)/atmel/studio/7.0/toolchain/arm/arm-gnu-toolchain/bin/../lib/gcc/arm-none-eabi/6.2.1/../../../../arm-none-eabi/lib/thumb/v7e-m/crt0.o (exit)
c:/program files (x86)/atmel/studio/7.0/toolchain/arm/arm-gnu-toolchain/bin/../lib/gcc/arm-none-eabi/6.2.1/../../../../arm-none-eabi/lib/thumb/v7e-m\libc.a(lib_a-impure.o)
                              c:/program files (x86)/atmel/studio/7.0/toolchain/arm/arm-gnu-toolchain/bin/../lib/gcc/arm-none-eabi/6.2.1/../../../../arm-none-eabi/lib/thumb/v7e-m\libc.a(lib_a-exit.o) (_global_impure_ptr)
c:/program files (x86)/atmel/studio/7.0/toolchain/arm/arm-gnu-toolchain/bin/../lib/gcc/arm-none-eabi/6.2.1/../../../../arm-none-eabi/lib/thumb/v7e-m\libc.a(lib_a-init.o)
                              c:/program files (x86)/atmel/studio/7.0/toolchain/arm/arm-gnu-toolchain/bin/../lib/gcc/arm-none-eabi/6.2.1/../../../../arm-none-eabi/lib/thumb/v7e-m/crt0.o (__libc_init_array)
c:/program files (x86)/atmel/studio/7.0/toolchain/arm/arm-gnu-toolchain/bin/../lib/gcc/arm-none-eabi/6.2.1/../../../../arm-none-eabi/lib/thumb/v7e-m\libc.a(lib_a-iprintf.o)
                              src/main.o (iprintf)
c:/program files (x86)/atmel/studio/7.0/toolchain/arm/arm-gnu-toolchain/bin/../lib/gcc/arm-none-eabi/6.2.1/../../../../arm-none-eabi/lib/thumb/v7e-m\libc.a(lib_a-memset.o)
                              c:/program files (x86)/atmel/studio/7.0/toolchain/arm/arm-gnu-toolchain/bin/../lib/gcc/arm-none-eabi/6.2.1/../../../../arm-none-eabi/lib/thumb/v7e-m/crt0.o (memset)
c:/program files (x86)/atmel/studio/7.0/toolchain/arm/arm-gnu-toolchain/bin/../lib/gcc/arm-none-eabi/6.2.1/../../../../arm-none-eabi/lib/thumb/v7e-m\libc.a(lib_a-setbuf.o)
                              src/main.o (setbuf)
c:/program files (x86)/atmel/studio/7.0/toolchain/arm/arm-gnu-toolchain/bin/../lib/gcc/arm-none-eabi/6.2.1/../../../../arm-none-eabi/lib/thumb/v7e-m\libc.a(lib_a-setvbuf.o)
                              c:/program files (x86)/atmel/studio/7.0/toolchain/arm/arm-gnu-toolchain/bin/../lib/gcc/arm-none-eabi/6.2.1/../../../../arm-none-eabi/lib/thumb/v7e-m\libc.a(lib_a-setbuf.o) (setvbuf)
c:/program files (x86)/atmel/studio/7.0/toolchain/arm/arm-gnu-toolchain/bin/../lib/gcc/arm-none-eabi/6.2.1/../../../../arm-none-eabi/lib/thumb/v7e-m\libc.a(lib_a-vfiprintf.o)
                              c:/program files (x86)/atmel/studio/7.0/toolchain/arm/arm-gnu-toolchain/bin/../lib/gcc/arm-none-eabi/6.2.1/../../../../arm-none-eabi/lib/thumb/v7e-m\libc.a(lib_a-iprintf.o) (_vfiprintf_r)
c:/program files (x86)/atmel/studio/7.0/toolchain/arm/arm-gnu-toolchain/bin/../lib/gcc/arm-none-eabi/6.2.1/../../../../arm-none-eabi/lib/thumb/v7e-m\libc.a(lib_a-wsetup.o)
                              c:/program files (x86)/atmel/studio/7.0/toolchain/arm/arm-gnu-toolchain/bin/../lib/gcc/arm-none-eabi/6.2.1/../../../../arm-none-eabi/lib/thumb/v7e-m\libc.a(lib_a-vfiprintf.o) (__swsetup_r)
c:/program files (x86)/atmel/studio/7.0/toolchain/arm/arm-gnu-toolchain/bin/../lib/gcc/arm-none-eabi/6.2.1/../../../../arm-none-eabi/lib/thumb/v7e-m\libc.a(lib_a-__call_atexit.o)
                              c:/program files (x86)/atmel/studio/7.0/toolchain/arm/arm-gnu-toolchain/bin/../lib/gcc/arm-none-eabi/6.2.1/../../../../arm-none-eabi/lib/thumb/v7e-m\libc.a(lib_a-exit.o) (__call_exitprocs)
c:/program files (x86)/atmel/studio/7.0/toolchain/arm/arm-gnu-toolchain/bin/../lib/gcc/arm-none-eabi/6.2.1/../../../../arm-none-eabi/lib/thumb/v7e-m\libc.a(lib_a-atexit.o)
                              c:/program files (x86)/atmel/studio/7.0/toolchain/arm/arm-gnu-toolchain/bin/../lib/gcc/arm-none-eabi/6.2.1/../../../../arm-none-eabi/lib/thumb/v7e-m\libc.a(lib_a-__call_atexit.o) (atexit)
c:/program files (x86)/atmel/studio/7.0/toolchain/arm/arm-gnu-toolchain/bin/../lib/gcc/arm-none-eabi/6.2.1/../../../../arm-none-eabi/lib/thumb/v7e-m\libc.a(lib_a-fflush.o)
                              c:/program files (x86)/atmel/studio/7.0/toolchain/arm/arm-gnu-toolchain/bin/../lib/gcc/arm-none-eabi/6.2.1/../../../../arm-none-eabi/lib/thumb/v7e-m\libc.a(lib_a-setvbuf.o) (_fflush_r)
c:/program files (x86)/atmel/studio/7.0/toolchain/arm/arm-gnu-toolchain/bin/../lib/gcc/arm-none-eabi/6.2.1/../../../../arm-none-eabi/lib/thumb/v7e-m\libc.a(lib_a-findfp.o)
                              c:/program files (x86)/atmel/studio/7.0/toolchain/arm/arm-gnu-toolchain/bin/../lib/gcc/arm-none-eabi/6.2.1/../../../../arm-none-eabi/lib/thumb/v7e-m\libc.a(lib_a-setvbuf.o) (__sinit)
c:/program files (x86)/atmel/studio/7.0/toolchain/arm/arm-gnu-toolchain/bin/../lib/gcc/arm-none-eabi/6.2.1/../../../../arm-none-eabi/lib/thumb/v7e-m\libc.a(lib_a-fini.o)
[...]
Memory Configuration

Name             Origin             Length             Attributes
rom              0x00400000         0x00200000         xr
ram              0x20400000         0x00060000         xrw
*default*        0x00000000         0xffffffff

Linker script and memory map

LOAD c:/program files (x86)/atmel/studio/7.0/toolchain/arm/arm-gnu-toolchain/bin/../lib/gcc/arm-none-eabi/6.2.1/thumb/v7e-m/crti.o
LOAD c:/program files (x86)/atmel/studio/7.0/toolchain/arm/arm-gnu-toolchain/bin/../lib/gcc/arm-none-eabi/6.2.1/thumb/v7e-m/crtbegin.o
LOAD c:/program files (x86)/atmel/studio/7.0/toolchain/arm/arm-gnu-toolchain/bin/../lib/gcc/arm-none-eabi/6.2.1/../../../../arm-none-eabi/lib/thumb/v7e-m/crt0.o
LOAD src/ASF/common/services/serial/usart_serial.o
LOAD src/ASF/common/services/sleepmgr/sam/sleepmgr.o
LOAD src/ASF/common/utils/stdio/read.o
LOAD src/ASF/common/utils/stdio/write.o
LOAD src/ASF/sam/drivers/rtc/rtc.o
LOAD src/ASF/sam/drivers/sdramc/sdramc.o
LOAD src/ASF/sam/drivers/tc/tc.o
LOAD src/ASF/sam/drivers/uart/uart.o
LOAD src/ASF/common/services/clock/same70/sysclk.o
LOAD src/ASF/common/utils/interrupt/interrupt_sam_nvic.o
LOAD src/ASF/sam/boards/same70_xplained/init.o
LOAD src/ASF/sam/drivers/mpu/mpu.o
LOAD src/ASF/sam/drivers/pio/pio.o
LOAD src/ASF/sam/drivers/pio/pio_handler.o
LOAD src/ASF/sam/drivers/pmc/pmc.o
LOAD src/ASF/sam/drivers/pmc/sleep.o
LOAD src/ASF/sam/drivers/usart/usart.o
LOAD src/ASF/sam/utils/cmsis/same70/source/templates/gcc/startup_same70.o
LOAD src/ASF/sam/utils/cmsis/same70/source/templates/system_same70.o
LOAD src/ASF/sam/utils/syscalls/gcc/syscalls.o
LOAD src/main.o
START GROUP
LOAD ../src/ASF/thirdparty/CMSIS/Lib/GCC\libarm_cortexM7lfsp_math_softfp.a
LOAD c:/program files (x86)/atmel/studio/7.0/toolchain/arm/arm-gnu-toolchain/bin/../lib/gcc/arm-none-eabi/6.2.1/../../../../arm-none-eabi/lib/thumb/v7e-m\libm.a
END GROUP
START GROUP
LOAD c:/program files (x86)/atmel/studio/7.0/toolchain/arm/arm-gnu-toolchain/bin/../lib/gcc/arm-none-eabi/6.2.1/thumb/v7e-m\libgcc.a
LOAD c:/program files (x86)/atmel/studio/7.0/toolchain/arm/arm-gnu-toolchain/bin/../lib/gcc/arm-none-eabi/6.2.1/../../../../arm-none-eabi/lib/thumb/v7e-m\libc.a
END GROUP
LOAD c:/program files (x86)/atmel/studio/7.0/toolchain/arm/arm-gnu-toolchain/bin/../lib/gcc/arm-none-eabi/6.2.1/thumb/v7e-m/crtend.o
LOAD c:/program files (x86)/atmel/studio/7.0/toolchain/arm/arm-gnu-toolchain/bin/../lib/gcc/arm-none-eabi/6.2.1/thumb/v7e-m/crtn.o
                0x00002000                STACK_SIZE = DEFINED (STACK_SIZE)?STACK_SIZE:0x2000
                0x2045fffc                __ram_end__ = ((ORIGIN (ram) + LENGTH (ram)) - 0x4)
                0x00000200                HEAP_SIZE = DEFINED (HEAP_SIZE)?HEAP_SIZE:0x200

.text           0x00400000     0x54c0
                0x00400000                . = ALIGN (0x4)
                0x00400000                _sfixed = .
 *(.vectors .vectors.*)
 .vectors       0x00400000      0x140 src/ASF/sam/utils/cmsis/same70/source/templates/gcc/startup_same70.o
                0x00400000                exception_table
 *(.text .text.* .gnu.linkonce.t.*)
 .text          0x00400140       0x6c c:/program files (x86)/atmel/studio/7.0/toolchain/arm/arm-gnu-toolchain/bin/../lib/gcc/arm-none-eabi/6.2.1/thumb/v7e-m/crtbegin.o
 .text._read    0x004001ac       0x54 src/ASF/common/utils/stdio/read.o
                0x004001ac                _read
 .text._write   0x00400200       0x6c src/ASF/common/utils/stdio/write.o
                0x00400200                _write
 .text.tc_init  0x0040026c       0x3a src/ASF/sam/drivers/tc/tc.o
                0x0040026c                tc_init
 .text.tc_start
                0x004002a6       0x22 src/ASF/sam/drivers/tc/tc.o
                0x004002a6                tc_start
 .text.tc_write_rc
                0x004002c8       0x26 src/ASF/sam/drivers/tc/tc.o
                0x004002c8                tc_write_rc
 .text.tc_enable_interrupt
                0x004002ee       0x28 src/ASF/sam/drivers/tc/tc.o
                0x004002ee                tc_enable_interrupt
 .text.tc_get_status
                0x00400316       0x24 src/ASF/sam/drivers/tc/tc.o
                0x00400316                tc_get_status
 .text.tc_find_mck_divisor
                0x0040033a       0xa6 src/ASF/sam/drivers/tc/tc.o
                0x0040033a                tc_find_mck_divisor
 .text.uart_init
                0x004003e0       0x58 src/ASF/sam/drivers/uart/uart.o
                0x004003e0                uart_init
 .text.uart_write
                0x00400438       0x30 src/ASF/sam/drivers/uart/uart.o
                0x00400438                uart_write
 .text.uart_read
                0x00400468       0x32 src/ASF/sam/drivers/uart/uart.o
                0x00400468                uart_read
 *fill*         0x0040049a        0x2 
 .text.osc_enable
                0x0040049c       0x88 src/ASF/common/services/clock/same70/sysclk.o
 .text.osc_is_ready
                0x00400524       0x70 src/ASF/common/services/clock/same70/sysclk.o
 .text.osc_get_rate
                0x00400594       0x74 src/ASF/common/services/clock/same70/sysclk.o
 .text.osc_wait_ready
                0x00400608       0x2c src/ASF/common/services/clock/same70/sysclk.o
 .text.pll_config_init
                0x00400634       0x6c src/ASF/common/services/clock/same70/sysclk.o
 .text.pll_enable
                0x004006a0       0x40 src/ASF/common/services/clock/same70/sysclk.o
 .text.pll_is_locked
                0x004006e0       0x2c src/ASF/common/services/clock/same70/sysclk.o
 .text.pll_enable_source
                0x0040070c       0x38 src/ASF/common/services/clock/same70/sysclk.o
 .text.pll_wait_for_lock
                0x00400744       0x24 src/ASF/common/services/clock/same70/sysclk.o
 .text.sysclk_get_main_hz
                0x00400768       0x20 src/ASF/common/services/clock/same70/sysclk.o
 .text.sysclk_get_cpu_hz
                0x00400788       0x14 src/ASF/common/services/clock/same70/sysclk.o
 .text.sysclk_init
                0x0040079c       0x7c src/ASF/common/services/clock/same70/sysclk.o
                0x0040079c                sysclk_init
 .text.sysclk_enable_peripheral_clock
                0x00400818       0x1c src/ASF/sam/boards/same70_xplained/init.o
 .text.ioport_init
                0x00400834       0x2c src/ASF/sam/boards/same70_xplained/init.o
 .text.ioport_disable_pin
                0x00400860       0x4c src/ASF/sam/boards/same70_xplained/init.o
 .text.ioport_set_pin_mode
                0x004008ac      0x11c src/ASF/sam/boards/same70_xplained/init.o
 .text.ioport_set_pin_dir
                0x004009c8       0x88 src/ASF/sam/boards/same70_xplained/init.o
 .text.ioport_set_pin_level
                0x00400a50       0x6c src/ASF/sam/boards/same70_xplained/init.o
 .text.ioport_set_pin_sense_mode
                0x00400abc       0xd0 src/ASF/sam/boards/same70_xplained/init.o
 .text.tcm_disable
                0x00400b8c       0x44 src/ASF/sam/boards/same70_xplained/init.o
 .text.board_init
                0x00400bd0       0xa8 src/ASF/sam/boards/same70_xplained/init.o
                0x00400bd0                board_init
 .text.pio_pull_up
                0x00400c78       0x2c src/ASF/sam/drivers/pio/pio.o
                0x00400c78                pio_pull_up
 .text.pio_set  0x00400ca4       0x1c src/ASF/sam/drivers/pio/pio.o
                0x00400ca4                pio_set
 .text.pio_clear
                0x00400cc0       0x1c src/ASF/sam/drivers/pio/pio.o
                0x00400cc0                pio_clear
 .text.pio_get  0x00400cdc       0x46 src/ASF/sam/drivers/pio/pio.o
                0x00400cdc                pio_get
 *fill*         0x00400d22        0x2 
 .text.pio_set_input
                0x00400d24       0x80 src/ASF/sam/drivers/pio/pio.o
                0x00400d24                pio_set_input
 .text.pio_set_output
                0x00400da4       0x64 src/ASF/sam/drivers/pio/pio.o
                0x00400da4                pio_set_output
 .text.pio_pull_down
                0x00400e08       0x30 src/ASF/sam/drivers/pio/pio.o
                0x00400e08                pio_pull_down
 .text.pio_configure_interrupt
                0x00400e38       0x6c src/ASF/sam/drivers/pio/pio.o
                0x00400e38                pio_configure_interrupt
 .text.pio_enable_interrupt
                0x00400ea4       0x1c src/ASF/sam/drivers/pio/pio.o
                0x00400ea4                pio_enable_interrupt
 .text.pio_disable_interrupt
                0x00400ec0       0x1c src/ASF/sam/drivers/pio/pio.o
                0x00400ec0                pio_disable_interrupt
 .text.pio_get_interrupt_status
                0x00400edc       0x18 src/ASF/sam/drivers/pio/pio.o
                0x00400edc                pio_get_interrupt_status
 .text.pio_get_interrupt_mask
                0x00400ef4       0x18 src/ASF/sam/drivers/pio/pio.o
                0x00400ef4                pio_get_interrupt_mask
 .text.pio_handler_process
                0x00400f0c       0xb4 src/ASF/sam/drivers/pio/pio_handler.o
                0x00400f0c                pio_handler_process
 .text.pio_handler_set
                0x00400fc0       0xa0 src/ASF/sam/drivers/pio/pio_handler.o
                0x00400fc0                pio_handler_set
 .text.PIOA_Handler
                0x00401060       0x18 src/ASF/sam/drivers/pio/pio_handler.o
                0x00401060                PIOA_Handler
 .text.PIOB_Handler
                0x00401078       0x18 src/ASF/sam/drivers/pio/pio_handler.o
                0x00401078                PIOB_Handler
 .text.PIOC_Handler
                0x00401090       0x18 src/ASF/sam/drivers/pio/pio_handler.o
                0x00401090                PIOC_Handler
 .text.PIOD_Handler
                0x004010a8       0x18 src/ASF/sam/drivers/pio/pio_handler.o
                0x004010a8                PIOD_Handler
 .text.PIOE_Handler
                0x004010c0       0x18 src/ASF/sam/drivers/pio/pio_handler.o
                0x004010c0                PIOE_Handler
 .text.pmc_mck_set_division
                0x004010d8       0x7c src/ASF/sam/drivers/pmc/pmc.o
                0x004010d8                pmc_mck_set_division
 .text.pmc_switch_mck_to_pllack
                0x00401154       0x84 src/ASF/sam/drivers/pmc/pmc.o
                0x00401154                pmc_switch_mck_to_pllack
 .text.pmc_switch_sclk_to_32kxtal
                0x004011d8       0x38 src/ASF/sam/drivers/pmc/pmc.o
                0x004011d8                pmc_switch_sclk_to_32kxtal
 .text.pmc_osc_is_ready_32kxtal
                0x00401210       0x34 src/ASF/sam/drivers/pmc/pmc.o
                0x00401210                pmc_osc_is_ready_32kxtal
 .text.pmc_switch_mainck_to_fastrc
                0x00401244       0x70 src/ASF/sam/drivers/pmc/pmc.o
                0x00401244                pmc_switch_mainck_to_fastrc
 .text.pmc_switch_mainck_to_xtal
                0x004012b4       0x78 src/ASF/sam/drivers/pmc/pmc.o
                0x004012b4                pmc_switch_mainck_to_xtal
 .text.pmc_osc_is_ready_mainck
                0x0040132c       0x1c src/ASF/sam/drivers/pmc/pmc.o
                0x0040132c                pmc_osc_is_ready_mainck
 .text.pmc_disable_pllack
                0x00401348       0x1c src/ASF/sam/drivers/pmc/pmc.o
                0x00401348                pmc_disable_pllack
 .text.pmc_is_locked_pllack
                0x00401364       0x1c src/ASF/sam/drivers/pmc/pmc.o
                0x00401364                pmc_is_locked_pllack
 .text.pmc_is_locked_upll
                0x00401380       0x1c src/ASF/sam/drivers/pmc/pmc.o
                0x00401380                pmc_is_locked_upll
 .text.pmc_enable_periph_clk
                0x0040139c       0x84 src/ASF/sam/drivers/pmc/pmc.o
                0x0040139c                pmc_enable_periph_clk
 .text.usart_set_async_baudrate
                0x00401420       0x8a src/ASF/sam/drivers/usart/usart.o
                0x00401420                usart_set_async_baudrate
 *fill*         0x004014aa        0x2 
 .text.usart_reset
                0x004014ac       0x54 src/ASF/sam/drivers/usart/usart.o
                0x004014ac                usart_reset
 .text.usart_init_rs232
                0x00401500       0x84 src/ASF/sam/drivers/usart/usart.o
                0x00401500                usart_init_rs232
 .text.usart_enable_tx
                0x00401584       0x1a src/ASF/sam/drivers/usart/usart.o
                0x00401584                usart_enable_tx
 .text.usart_reset_tx
                0x0040159e       0x1a src/ASF/sam/drivers/usart/usart.o
                0x0040159e                usart_reset_tx
 .text.usart_enable_rx
                0x004015b8       0x1a src/ASF/sam/drivers/usart/usart.o
                0x004015b8                usart_enable_rx
 .text.usart_reset_rx
                0x004015d2       0x1a src/ASF/sam/drivers/usart/usart.o
                0x004015d2                usart_reset_rx
 .text.usart_reset_status
                0x004015ec       0x1c src/ASF/sam/drivers/usart/usart.o
                0x004015ec                usart_reset_status
 .text.usart_drive_RTS_pin_high
                0x00401608       0x1c src/ASF/sam/drivers/usart/usart.o
                0x00401608                usart_drive_RTS_pin_high
 .text.usart_write
                0x00401624       0x32 src/ASF/sam/drivers/usart/usart.o
                0x00401624                usart_write
 .text.usart_read
                0x00401656       0x34 src/ASF/sam/drivers/usart/usart.o
                0x00401656                usart_read
 *fill*         0x0040168a        0x2 
 .text.usart_disable_writeprotect
                0x0040168c       0x20 src/ASF/sam/drivers/usart/usart.o
                0x0040168c                usart_disable_writeprotect
 .text.cpu_irq_save
                0x004016ac       0x38 src/ASF/sam/utils/cmsis/same70/source/templates/gcc/startup_same70.o
 .text.cpu_irq_is_enabled_flags
                0x004016e4       0x20 src/ASF/sam/utils/cmsis/same70/source/templates/gcc/startup_same70.o
 .text.cpu_irq_restore
                0x00401704       0x30 src/ASF/sam/utils/cmsis/same70/source/templates/gcc/startup_same70.o
 .text.Reset_Handler
                0x00401734       0xb0 src/ASF/sam/utils/cmsis/same70/source/templates/gcc/startup_same70.o
                0x00401734                Reset_Handler
 .text.Dummy_Handler
                0x004017e4        0x6 src/ASF/sam/utils/cmsis/same70/source/templates/gcc/startup_same70.o
                0x004017e4                DACC_Handler
                0x004017e4                DebugMon_Handler
                0x004017e4                UART3_Handler
                0x004017e4                UART2_Handler
                0x004017e4                TRNG_Handler
                0x004017e4                HardFault_Handler
                0x004017e4                TC2_Handler
                0x004017e4                SysTick_Handler
                0x004017e4                AFEC1_Handler
                0x004017e4                PendSV_Handler
                0x004017e4                NMI_Handler
                0x004017e4                TC7_Handler
                0x004017e4                QSPI_Handler
                0x004017e4                ISI_Handler
                0x004017e4                TC9_Handler
                0x004017e4                RSWDT_Handler
                0x004017e4                MCAN1_Handler
                0x004017e4                USART0_Handler
                0x004017e4                RTT_Handler
                0x004017e4                USBHS_Handler
                0x004017e4                RTC_Handler
                0x004017e4                UsageFault_Handler
                0x004017e4                TC6_Handler
                0x004017e4                WDT_Handler
                0x004017e4                TC4_Handler
                0x004017e4                HSMCI_Handler
                0x004017e4                UART1_Handler
                0x004017e4                TC3_Handler
                0x004017e4                Dummy_Handler
                0x004017e4                TWIHS1_Handler
                0x004017e4                XDMAC_Handler
                0x004017e4                UART4_Handler
                0x004017e4                PWM1_Handler
                0x004017e4                USART1_Handler
                0x004017e4                PWM0_Handler
                0x004017e4                AFEC0_Handler
                0x004017e4                TC11_Handler
                0x004017e4                SSC_Handler
                0x004017e4                ACC_Handler
                0x004017e4                PMC_Handler
                0x004017e4                GMAC_Handler
                0x004017e4                MemManage_Handler
                0x004017e4                SUPC_Handler
                0x004017e4                SVC_Handler
                0x004017e4                TC8_Handler
                0x004017e4                EFC_Handler
                0x004017e4                USART2_Handler
                0x004017e4                SDRAMC_Handler
                0x004017e4                SPI1_Handler
                0x004017e4                MCAN0_Handler
                0x004017e4                TC10_Handler
                0x004017e4                TWIHS2_Handler
                0x004017e4                UART0_Handler
                0x004017e4                BusFault_Handler
                0x004017e4                RSTC_Handler
                0x004017e4                TC0_Handler
                0x004017e4                TC5_Handler
                0x004017e4                AES_Handler
                0x004017e4                ICM_Handler
                0x004017e4                TWIHS0_Handler
                0x004017e4                SPI0_Handler
 *fill*         0x004017ea        0x2 
 .text.SystemCoreClockUpdate
                0x004017ec      0x168 src/ASF/sam/utils/cmsis/same70/source/templates/system_same70.o
                0x004017ec                SystemCoreClockUpdate
 .text.system_init_flash
                0x00401954       0xb0 src/ASF/sam/utils/cmsis/same70/source/templates/system_same70.o
                0x00401954                system_init_flash
 .text._sbrk    0x00401a04       0x58 src/ASF/sam/utils/syscalls/gcc/syscalls.o
                0x00401a04                _sbrk
 .text._close   0x00401a5c       0x18 src/ASF/sam/utils/syscalls/gcc/syscalls.o
                0x00401a5c                _close
 .text._fstat   0x00401a74       0x20 src/ASF/sam/utils/syscalls/gcc/syscalls.o
                0x00401a74                _fstat
 .text._isatty  0x00401a94       0x16 src/ASF/sam/utils/syscalls/gcc/syscalls.o
                0x00401a94                _isatty
 .text._lseek   0x00401aaa       0x1a src/ASF/sam/utils/syscalls/gcc/syscalls.o
                0x00401aaa                _lseek
 .text.NVIC_EnableIRQ
                0x00401ac4       0x34 src/main.o
 .text.NVIC_SetPriority
                0x00401af8       0x54 src/main.o
 .text.osc_get_rate
                0x00401b4c       0x74 src/main.o
 .text.sysclk_get_main_hz
                0x00401bc0       0x20 src/main.o
 .text.sysclk_get_cpu_hz
                0x00401be0       0x14 src/main.o
 .text.sysclk_get_peripheral_hz
                0x00401bf4       0x14 src/main.o
 .text.sysclk_enable_peripheral_clock
                0x00401c08       0x1c src/main.o
 .text.usart_serial_init
                0x00401c24      0x164 src/main.o
 .text.usart_serial_putchar
                0x00401d88      0x10c src/main.o
 .text.usart_serial_getchar
                0x00401e94      0x108 src/main.o
 .text.stdio_serial_init
                0x00401f9c       0x68 src/main.o
 .text.LED_init
                0x00402004       0x40 src/main.o
 .text.BUZZER_init
                0x00402044       0x44 src/main.o
 .text.BUTTON_init
                0x00402088       0x70 src/main.o
 .text.PRESENCE_init
                0x004020f8       0x28 src/main.o
 .text.TC1_init
                0x00402120       0x98 src/main.o
 .text.CONSOLE_init
                0x004021b8       0x38 src/main.o
 .text.TC1_Handler
                0x004021f0      0x110 src/main.o
                0x004021f0                TC1_Handler
 .text.BUTTON_handler
                0x00402300      0x174 src/main.o
                0x00402300                BUTTON_handler
 .text.main     0x00402474       0x74 src/main.o
                0x00402474                main
 .text.__libc_init_array
                0x004024e8       0x50 c:/program files (x86)/atmel/studio/7.0/toolchain/arm/arm-gnu-toolchain/bin/../lib/gcc/arm-none-eabi/6.2.1/../../../../arm-none-eabi/lib/thumb/v7e-m\libc.a(lib_a-init.o)
                0x004024e8                __libc_init_array
 .text.iprintf  0x00402538       0x28 c:/program files (x86)/atmel/studio/7.0/toolchain/arm/arm-gnu-toolchain/bin/../lib/gcc/arm-none-eabi/6.2.1/../../../../arm-none-eabi/lib/thumb/v7e-m\libc.a(lib_a-iprintf.o)
                0x00402538                iprintf
 .text.memset   0x00402560       0x9c c:/program files (x86)/atmel/studio/7.0/toolchain/arm/arm-gnu-toolchain/bin/../lib/gcc/arm-none-eabi/6.2.1/../../../../arm-none-eabi/lib/thumb/v7e-m\libc.a(lib_a-memset.o)
                0x00402560                memset
 .text.setbuf   0x004025fc       0x10 c:/program files (x86)/atmel/studio/7.0/toolchain/arm/arm-gnu-toolchain/bin/../lib/gcc/arm-none-eabi/6.2.1/../../../../arm-none-eabi/lib/thumb/v7e-m\libc.a(lib_a-setbuf.o)
                0x004025fc                setbuf
 .text.setvbuf  0x0040260c      0x14c c:/program files (x86)/atmel/studio/7.0/toolchain/arm/arm-gnu-toolchain/bin/../lib/gcc/arm-none-eabi/6.2.1/../../../../arm-none-eabi/lib/thumb/v7e-m\libc.a(lib_a-setvbuf.o)
                0x0040260c                setvbuf
 .text.__sprint_r.part.0
                0x00402758       0x80 c:/program files (x86)/atmel/studio/7.0/toolchain/arm/arm-gnu-toolchain/bin/../lib/gcc/arm-none-eabi/6.2.1/../../../../arm-none-eabi/lib/thumb/v7e-m\libc.a(lib_a-vfiprintf.o)
 .text._vfiprintf_r
                0x004027d8      0xc00 c:/program files (x86)/atmel/studio/7.0/toolchain/arm/arm-gnu-toolchain/bin/../lib/gcc/arm-none-eabi/6.2.1/../../../../arm-none-eabi/lib/thumb/v7e-m\libc.a(lib_a-vfiprintf.o)
                0x004027d8                _vfiprintf_r
 .text.__sbprintf
                0x004033d8       0x6c c:/program files (x86)/atmel/studio/7.0/toolchain/arm/arm-gnu-toolchain/bin/../lib/gcc/arm-none-eabi/6.2.1/../../../../arm-none-eabi/lib/thumb/v7e-m\libc.a(lib_a-vfiprintf.o)
 .text.__swsetup_r
                0x00403444       0xc8 c:/program files (x86)/atmel/studio/7.0/toolchain/arm/arm-gnu-toolchain/bin/../lib/gcc/arm-none-eabi/6.2.1/../../../../arm-none-eabi/lib/thumb/v7e-m\libc.a(lib_a-wsetup.o)
                0x00403444                __swsetup_r
 .text.startup.register_fini
                0x0040350c       0x14 c:/program files (x86)/atmel/studio/7.0/toolchain/arm/arm-gnu-toolchain/bin/../lib/gcc/arm-none-eabi/6.2.1/../../../../arm-none-eabi/lib/thumb/v7e-m\libc.a(lib_a-__call_atexit.o)
 .text.atexit   0x00403520        0xc c:/program files (x86)/atmel/studio/7.0/toolchain/arm/arm-gnu-toolchain/bin/../lib/gcc/arm-none-eabi/6.2.1/../../../../arm-none-eabi/lib/thumb/v7e-m\libc.a(lib_a-atexit.o)
                0x00403520                atexit
 .text.__sflush_r
                0x0040352c      0x140 c:/program files (x86)/atmel/studio/7.0/toolchain/arm/arm-gnu-toolchain/bin/../lib/gcc/arm-none-eabi/6.2.1/../../../../arm-none-eabi/lib/thumb/v7e-m\libc.a(lib_a-fflush.o)
                0x0040352c                __sflush_r
 .text._fflush_r
                0x0040366c       0x2c c:/program files (x86)/atmel/studio/7.0/toolchain/arm/arm-gnu-toolchain/bin/../lib/gcc/arm-none-eabi/6.2.1/../../../../arm-none-eabi/lib/thumb/v7e-m\libc.a(lib_a-fflush.o)
                0x0040366c                _fflush_r
 .text._cleanup_r
                0x00403698        0xc c:/program files (x86)/atmel/studio/7.0/toolchain/arm/arm-gnu-toolchain/bin/../lib/gcc/arm-none-eabi/6.2.1/../../../../arm-none-eabi/lib/thumb/v7e-m\libc.a(lib_a-findfp.o)
                0x00403698                _cleanup_r
 .text.__sinit.part.1
                0x004036a4       0xf0 c:/program files (x86)/atmel/studio/7.0/toolchain/arm/arm-gnu-toolchain/bin/../lib/gcc/arm-none-eabi/6.2.1/../../../../arm-none-eabi/lib/thumb/v7e-m\libc.a(lib_a-findfp.o)
 .text.__sinit  0x00403794        0xc c:/program files (x86)/atmel/studio/7.0/toolchain/arm/arm-gnu-toolchain/bin/../lib/gcc/arm-none-eabi/6.2.1/../../../../arm-none-eabi/lib/thumb/v7e-m\libc.a(lib_a-findfp.o)
                0x00403794                __sinit
 .text.__sfp_lock_acquire
                0x004037a0        0x4 c:/program files (x86)/atmel/studio/7.0/toolchain/arm/arm-gnu-toolchain/bin/../lib/gcc/arm-none-eabi/6.2.1/../../../../arm-none-eabi/lib/thumb/v7e-m\libc.a(lib_a-findfp.o)
                0x004037a0                __sfp_lock_acquire
 .text.__sfp_lock_release
                0x004037a4        0x4 c:/program files (x86)/atmel/studio/7.0/toolchain/arm/arm-gnu-toolchain/bin/../lib/gcc/arm-none-eabi/6.2.1/../../../../arm-none-eabi/lib/thumb/v7e-m\libc.a(lib_a-findfp.o)
                0x004037a4                __sfp_lock_release
 .text.__libc_fini_array
                0x004037a8       0x34 c:/program files (x86)/atmel/studio/7.0/toolchain/arm/arm-gnu-toolchain/bin/../lib/gcc/arm-none-eabi/6.2.1/../../../../arm-none-eabi/lib/thumb/v7e-m\libc.a(lib_a-fini.o)
                0x004037a8                __libc_fini_array
 .text.__fputwc
                0x004037dc       0xa0 c:/program files (x86)/atmel/studio/7.0/toolchain/arm/arm-gnu-toolchain/bin/../lib/gcc/arm-none-eabi/6.2.1/../../../../arm-none-eabi/lib/thumb/v7e-m\libc.a(lib_a-fputwc.o)
                0x004037dc                __fputwc
 .text._fputwc_r
                0x0040387c       0x24 c:/program files (x86)/atmel/studio/7.0/toolchain/arm/arm-gnu-toolchain/bin/../lib/gcc/arm-none-eabi/6.2.1/../../../../arm-none-eabi/lib/thumb/v7e-m\libc.a(lib_a-fputwc.o)
                0x0040387c                _fputwc_r
 .text._malloc_trim_r
                0x004038a0       0xa0 c:/program files (x86)/atmel/studio/7.0/toolchain/arm/arm-gnu-toolchain/bin/../lib/gcc/arm-none-eabi/6.2.1/../../../../arm-none-eabi/lib/thumb/v7e-m\libc.a(lib_a-freer.o)
                0x004038a0                _malloc_trim_r
 .text._free_r  0x00403940      0x1cc c:/program files (x86)/atmel/studio/7.0/toolchain/arm/arm-gnu-toolchain/bin/../lib/gcc/arm-none-eabi/6.2.1/../../../../arm-none-eabi/lib/thumb/v7e-m\libc.a(lib_a-freer.o)
                0x00403940                _free_r
 .text.__sfvwrite_r
                0x00403b0c      0x2f0 c:/program files (x86)/atmel/studio/7.0/toolchain/arm/arm-gnu-toolchain/bin/../lib/gcc/arm-none-eabi/6.2.1/../../../../arm-none-eabi/lib/thumb/v7e-m\libc.a(lib_a-fvwrite.o)
                0x00403b0c                __sfvwrite_r
 .text._fwalk_reent
                0x00403dfc       0x54 c:/program files (x86)/atmel/studio/7.0/toolchain/arm/arm-gnu-toolchain/bin/../lib/gcc/arm-none-eabi/6.2.1/../../../../arm-none-eabi/lib/thumb/v7e-m\libc.a(lib_a-fwalk.o)
                0x00403dfc                _fwalk_reent
 .text.__locale_mb_cur_max
                0x00403e50       0x1c c:/program files (x86)/atmel/studio/7.0/toolchain/arm/arm-gnu-toolchain/bin/../lib/gcc/arm-none-eabi/6.2.1/../../../../arm-none-eabi/lib/thumb/v7e-m\libc.a(lib_a-locale.o)
                0x00403e50                __locale_mb_cur_max
 .text.__swhatbuf_r
                0x00403e6c       0x5c c:/program files (x86)/atmel/studio/7.0/toolchain/arm/arm-gnu-toolchain/bin/../lib/gcc/arm-none-eabi/6.2.1/../../../../arm-none-eabi/lib/thumb/v7e-m\libc.a(lib_a-makebuf.o)
                0x00403e6c                __swhatbuf_r
 .text.__smakebuf_r
                0x00403ec8       0x88 c:/program files (x86)/atmel/studio/7.0/toolchain/arm/arm-gnu-toolchain/bin/../lib/gcc/arm-none-eabi/6.2.1/../../../../arm-none-eabi/lib/thumb/v7e-m\libc.a(lib_a-makebuf.o)
                0x00403ec8                __smakebuf_r
 .text.malloc   0x00403f50       0x10 c:/program files (x86)/atmel/studio/7.0/toolchain/arm/arm-gnu-toolchain/bin/../lib/gcc/arm-none-eabi/6.2.1/../../../../arm-none-eabi/lib/thumb/v7e-m\libc.a(lib_a-malloc.o)
                0x00403f50                malloc
 .text._malloc_r
                0x00403f60      0x560 c:/program files (x86)/atmel/studio/7.0/toolchain/arm/arm-gnu-toolchain/bin/../lib/gcc/arm-none-eabi/6.2.1/../../../../arm-none-eabi/lib/thumb/v7e-m\libc.a(lib_a-mallocr.o)
                0x00403f60                _malloc_r
 .text.__ascii_mbtowc
                0x004044c0       0x2c c:/program files (x86)/atmel/studio/7.0/toolchain/arm/arm-gnu-toolchain/bin/../lib/gcc/arm-none-eabi/6.2.1/../../../../arm-none-eabi/lib/thumb/v7e-m\libc.a(lib_a-mbtowc_r.o)
                0x004044c0                __ascii_mbtowc
 *fill*         0x004044ec        0x4 
 .text          0x004044f0       0xa0 c:/program files (x86)/atmel/studio/7.0/toolchain/arm/arm-gnu-toolchain/bin/../lib/gcc/arm-none-eabi/6.2.1/../../../../arm-none-eabi/lib/thumb/v7e-m\libc.a(lib_a-memchr.o)
                0x004044f0                memchr
 .text          0x00404590      0x134 c:/program files (x86)/atmel/studio/7.0/toolchain/arm/arm-gnu-toolchain/bin/../lib/gcc/arm-none-eabi/6.2.1/../../../../arm-none-eabi/lib/thumb/v7e-m\libc.a(lib_a-memcpy.o)
                0x00404590                memcpy
 .text.memmove  0x004046c4       0xc8 c:/program files (x86)/atmel/studio/7.0/toolchain/arm/arm-gnu-toolchain/bin/../lib/gcc/arm-none-eabi/6.2.1/../../../../arm-none-eabi/lib/thumb/v7e-m\libc.a(lib_a-memmove.o)
                0x004046c4                memmove
 .text.__malloc_lock
                0x0040478c        0x4 c:/program files (x86)/atmel/studio/7.0/toolchain/arm/arm-gnu-toolchain/bin/../lib/gcc/arm-none-eabi/6.2.1/../../../../arm-none-eabi/lib/thumb/v7e-m\libc.a(lib_a-mlock.o)
                0x0040478c                __malloc_lock
 .text.__malloc_unlock
                0x00404790        0x4 c:/program files (x86)/atmel/studio/7.0/toolchain/arm/arm-gnu-toolchain/bin/../lib/gcc/arm-none-eabi/6.2.1/../../../../arm-none-eabi/lib/thumb/v7e-m\libc.a(lib_a-mlock.o)
                0x00404790                __malloc_unlock
 .text._realloc_r
                0x00404794      0x34c c:/program files (x86)/atmel/studio/7.0/toolchain/arm/arm-gnu-toolchain/bin/../lib/gcc/arm-none-eabi/6.2.1/../../../../arm-none-eabi/lib/thumb/v7e-m\libc.a(lib_a-reallocr.o)
                0x00404794                _realloc_r
 .text._sbrk_r  0x00404ae0       0x24 c:/program files (x86)/atmel/studio/7.0/toolchain/arm/arm-gnu-toolchain/bin/../lib/gcc/arm-none-eabi/6.2.1/../../../../arm-none-eabi/lib/thumb/v7e-m\libc.a(lib_a-sbrkr.o)
                0x00404ae0                _sbrk_r
 .text.__sread  0x00404b04       0x24 c:/program files (x86)/atmel/studio/7.0/toolchain/arm/arm-gnu-toolchain/bin/../lib/gcc/arm-none-eabi/6.2.1/../../../../arm-none-eabi/lib/thumb/v7e-m\libc.a(lib_a-stdio.o)
                0x00404b04                __sread
 .text.__swrite
                0x00404b28       0x3c c:/program files (x86)/atmel/studio/7.0/toolchain/arm/arm-gnu-toolchain/bin/../lib/gcc/arm-none-eabi/6.2.1/../../../../arm-none-eabi/lib/thumb/v7e-m\libc.a(lib_a-stdio.o)
                0x00404b28                __swrite
 .text.__sseek  0x00404b64       0x20 c:/program files (x86)/atmel/studio/7.0/toolchain/arm/arm-gnu-toolchain/bin/../lib/gcc/arm-none-eabi/6.2.1/../../../../arm-none-eabi/lib/thumb/v7e-m\libc.a(lib_a-stdio.o)
                0x00404b64                __sseek
 .text.__sclose
                0x00404b84        0x8 c:/program files (x86)/atmel/studio/7.0/toolchain/arm/arm-gnu-toolchain/bin/../lib/gcc/arm-none-eabi/6.2.1/../../../../arm-none-eabi/lib/thumb/v7e-m\libc.a(lib_a-stdio.o)
                0x00404b84                __sclose
 *fill*         0x00404b8c       0x34 
 .text          0x00404bc0       0xdc c:/program files (x86)/atmel/studio/7.0/toolchain/arm/arm-gnu-toolchain/bin/../lib/gcc/arm-none-eabi/6.2.1/../../../../arm-none-eabi/lib/thumb/v7e-m\libc.a(lib_a-strlen.o)
                0x00404bc0                strlen
 .text.__swbuf_r
                0x00404c9c       0xb0 c:/program files (x86)/atmel/studio/7.0/toolchain/arm/arm-gnu-toolchain/bin/../lib/gcc/arm-none-eabi/6.2.1/../../../../arm-none-eabi/lib/thumb/v7e-m\libc.a(lib_a-wbuf.o)
                0x00404c9c                __swbuf_r
 .text._wcrtomb_r
                0x00404d4c       0x54 c:/program files (x86)/atmel/studio/7.0/toolchain/arm/arm-gnu-toolchain/bin/../lib/gcc/arm-none-eabi/6.2.1/../../../../arm-none-eabi/lib/thumb/v7e-m\libc.a(lib_a-wcrtomb.o)
                0x00404d4c                _wcrtomb_r
 .text.__ascii_wctomb
                0x00404da0       0x1c c:/program files (x86)/atmel/studio/7.0/toolchain/arm/arm-gnu-toolchain/bin/../lib/gcc/arm-none-eabi/6.2.1/../../../../arm-none-eabi/lib/thumb/v7e-m\libc.a(lib_a-wctomb_r.o)
                0x00404da0                __ascii_wctomb
 .text._write_r
                0x00404dbc       0x2c c:/program files (x86)/atmel/studio/7.0/toolchain/arm/arm-gnu-toolchain/bin/../lib/gcc/arm-none-eabi/6.2.1/../../../../arm-none-eabi/lib/thumb/v7e-m\libc.a(lib_a-writer.o)
                0x00404dbc                _write_r
 .text.__register_exitproc
                0x00404de8       0xa4 c:/program files (x86)/atmel/studio/7.0/toolchain/arm/arm-gnu-toolchain/bin/../lib/gcc/arm-none-eabi/6.2.1/../../../../arm-none-eabi/lib/thumb/v7e-m\libc.a(lib_a-__atexit.o)
                0x00404de8                __register_exitproc
 .text._close_r
                0x00404e8c       0x24 c:/program files (x86)/atmel/studio/7.0/toolchain/arm/arm-gnu-toolchain/bin/../lib/gcc/arm-none-eabi/6.2.1/../../../../arm-none-eabi/lib/thumb/v7e-m\libc.a(lib_a-closer.o)
                0x00404e8c                _close_r
 .text._fclose_r
                0x00404eb0       0x80 c:/program files (x86)/atmel/studio/7.0/toolchain/arm/arm-gnu-toolchain/bin/../lib/gcc/arm-none-eabi/6.2.1/../../../../arm-none-eabi/lib/thumb/v7e-m\libc.a(lib_a-fclose.o)
                0x00404eb0                _fclose_r
 .text._fstat_r
                0x00404f30       0x28 c:/program files (x86)/atmel/studio/7.0/toolchain/arm/arm-gnu-toolchain/bin/../lib/gcc/arm-none-eabi/6.2.1/../../../../arm-none-eabi/lib/thumb/v7e-m\libc.a(lib_a-fstatr.o)
                0x00404f30                _fstat_r
 .text._isatty_r
                0x00404f58       0x24 c:/program files (x86)/atmel/studio/7.0/toolchain/arm/arm-gnu-toolchain/bin/../lib/gcc/arm-none-eabi/6.2.1/../../../../arm-none-eabi/lib/thumb/v7e-m\libc.a(lib_a-isattyr.o)
                0x00404f58                _isatty_r
 .text._lseek_r
                0x00404f7c       0x2c c:/program files (x86)/atmel/studio/7.0/toolchain/arm/arm-gnu-toolchain/bin/../lib/gcc/arm-none-eabi/6.2.1/../../../../arm-none-eabi/lib/thumb/v7e-m\libc.a(lib_a-lseekr.o)
                0x00404f7c                _lseek_r
 .text._read_r  0x00404fa8       0x2c c:/program files (x86)/atmel/studio/7.0/toolchain/arm/arm-gnu-toolchain/bin/../lib/gcc/arm-none-eabi/6.2.1/../../../../arm-none-eabi/lib/thumb/v7e-m\libc.a(lib_a-readr.o)
                0x00404fa8                _read_r
 .text          0x00404fd4       0x30 c:/program files (x86)/atmel/studio/7.0/toolchain/arm/arm-gnu-toolchain/bin/../lib/gcc/arm-none-eabi/6.2.1/thumb/v7e-m\libgcc.a(_aeabi_uldivmod.o)
                0x00404fd4                __aeabi_uldivmod
 .text          0x00405004      0x2dc c:/program files (x86)/atmel/studio/7.0/toolchain/arm/arm-gnu-toolchain/bin/../lib/gcc/arm-none-eabi/6.2.1/thumb/v7e-m\libgcc.a(_udivmoddi4.o)
                0x00405004                __udivmoddi4
 .text          0x004052e0        0x4 c:/program files (x86)/atmel/studio/7.0/toolchain/arm/arm-gnu-toolchain/bin/../lib/gcc/arm-none-eabi/6.2.1/thumb/v7e-m\libgcc.a(_dvmd_tls.o)
                0x004052e0                __aeabi_idiv0
                0x004052e0                __aeabi_ldiv0
 *(.glue_7t)
 .glue_7t       0x004052e4        0x0 linker stubs
 *(.glue_7)
 .glue_7        0x004052e4        0x0 linker stubs
 *(.rodata .rodata* .gnu.linkonce.r.*)
 .rodata        0x004052e4       0x4d src/main.o
 *fill*         0x00405331        0x3 
 .rodata._global_impure_ptr
                0x00405334        0x4 c:/program files (x86)/atmel/studio/7.0/toolchain/arm/arm-gnu-toolchain/bin/../lib/gcc/arm-none-eabi/6.2.1/../../../../arm-none-eabi/lib/thumb/v7e-m\libc.a(lib_a-impure.o)
                0x00405334                _global_impure_ptr
 .rodata._vfiprintf_r.str1.4
                0x00405338       0x2f c:/program files (x86)/atmel/studio/7.0/toolchain/arm/arm-gnu-toolchain/bin/../lib/gcc/arm-none-eabi/6.2.1/../../../../arm-none-eabi/lib/thumb/v7e-m\libc.a(lib_a-vfiprintf.o)
 *fill*         0x00405367        0x1 
 .rodata.blanks.7202
                0x00405368       0x10 c:/program files (x86)/atmel/studio/7.0/toolchain/arm/arm-gnu-toolchain/bin/../lib/gcc/arm-none-eabi/6.2.1/../../../../arm-none-eabi/lib/thumb/v7e-m\libc.a(lib_a-vfiprintf.o)
 .rodata.zeroes.7203
                0x00405378       0x10 c:/program files (x86)/atmel/studio/7.0/toolchain/arm/arm-gnu-toolchain/bin/../lib/gcc/arm-none-eabi/6.2.1/../../../../arm-none-eabi/lib/thumb/v7e-m\libc.a(lib_a-vfiprintf.o)
 .rodata._setlocale_r.str1.4
                0x00405388        0xa c:/program files (x86)/atmel/studio/7.0/toolchain/arm/arm-gnu-toolchain/bin/../lib/gcc/arm-none-eabi/6.2.1/../../../../arm-none-eabi/lib/thumb/v7e-m\libc.a(lib_a-locale.o)
                                  0xd (size before relaxing)
 *fill*         0x00405392        0x2 
 .rodata.str1.4
                0x00405394        0x4 c:/program files (x86)/atmel/studio/7.0/toolchain/arm/arm-gnu-toolchain/bin/../lib/gcc/arm-none-eabi/6.2.1/../../../../arm-none-eabi/lib/thumb/v7e-m\libc.a(lib_a-locale.o)
                                  0x2 (size before relaxing)
 .rodata._ctype_
                0x00405398      0x101 c:/program files (x86)/atmel/studio/7.0/toolchain/arm/arm-gnu-toolchain/bin/../lib/gcc/arm-none-eabi/6.2.1/../../../../arm-none-eabi/lib/thumb/v7e-m\libc.a(lib_a-ctype_.o)
                0x00405398                _ctype_
 *(.ARM.extab* .gnu.linkonce.armextab.*)
                0x0040549c                . = ALIGN (0x4)
 *fill*         0x00405499        0x3 
 *(.init)
 .init          0x0040549c        0x4 c:/program files (x86)/atmel/studio/7.0/toolchain/arm/arm-gnu-toolchain/bin/../lib/gcc/arm-none-eabi/6.2.1/thumb/v7e-m/crti.o
                0x0040549c                _init
 .init          0x004054a0        0x8 c:/program files (x86)/atmel/studio/7.0/toolchain/arm/arm-gnu-toolchain/bin/../lib/gcc/arm-none-eabi/6.2.1/thumb/v7e-m/crtn.o
                0x004054a8                . = ALIGN (0x4)
                0x004054a8                __preinit_array_start = .
 *(.preinit_array)
                0x004054a8                __preinit_array_end = .
                0x004054a8                . = ALIGN (0x4)
                0x004054a8                __init_array_start = .
 *(SORT(.init_array.*))
 .init_array.00000
                0x004054a8        0x4 c:/program files (x86)/atmel/studio/7.0/toolchain/arm/arm-gnu-toolchain/bin/../lib/gcc/arm-none-eabi/6.2.1/../../../../arm-none-eabi/lib/thumb/v7e-m\libc.a(lib_a-__call_atexit.o)
 *(.init_array)
 .init_array    0x004054ac        0x4 c:/program files (x86)/atmel/studio/7.0/toolchain/arm/arm-gnu-toolchain/bin/../lib/gcc/arm-none-eabi/6.2.1/thumb/v7e-m/crtbegin.o
                0x004054b0                __init_array_end = .
                0x004054b0                . = ALIGN (0x4)
 *crtbegin.o(.ctors)
 *(EXCLUDE_FILE(*crtend.o) .ctors)
 *(SORT(.ctors.*))
 *crtend.o(.ctors)
                0x004054b0                . = ALIGN (0x4)
 *(.fini)
 .fini          0x004054b0        0x4 c:/program files (x86)/atmel/studio/7.0/toolchain/arm/arm-gnu-toolchain/bin/../lib/gcc/arm-none-eabi/6.2.1/thumb/v7e-m/crti.o
                0x004054b0                _fini
 .fini          0x004054b4        0x8 c:/program files (x86)/atmel/studio/7.0/toolchain/arm/arm-gnu-toolchain/bin/../lib/gcc/arm-none-eabi/6.2.1/thumb/v7e-m/crtn.o
                0x004054bc                . = ALIGN (0x4)
                0x004054bc                __fini_array_start = .
 *(.fini_array)
 .fini_array    0x004054bc        0x4 c:/program files (x86)/atmel/studio/7.0/toolchain/arm/arm-gnu-toolchain/bin/../lib/gcc/arm-none-eabi/6.2.1/thumb/v7e-m/crtbegin.o
 *(SORT(.fini_array.*))
                0x004054c0                __fini_array_end = .
 *crtbegin.o(.dtors)
 *(EXCLUDE_FILE(*crtend.o) .dtors)
 *(SORT(.dtors.*))
 *crtend.o(.dtors)
                0x004054c0                . = ALIGN (0x4)
                0x004054c0                _efixed = .
                [!provide]                PROVIDE (__exidx_start, .)

.vfp11_veneer   0x004054c0        0x0
 .vfp11_veneer  0x004054c0        0x0 linker stubs

.v4_bx          0x004054c0        0x0
 .v4_bx         0x004054c0        0x0 linker stubs

.iplt           0x004054c0        0x0
 .iplt          0x004054c0        0x0 c:/program files (x86)/atmel/studio/7.0/toolchain/arm/arm-gnu-toolchain/bin/../lib/gcc/arm-none-eabi/6.2.1/thumb/v7e-m/crtbegin.o

.ARM.exidx      0x004054c0        0x8
 *(.ARM.exidx* .gnu.linkonce.armexidx.*)
 .ARM.exidx     0x004054c0        0x8 c:/program files (x86)/atmel/studio/7.0/toolchain/arm/arm-gnu-toolchain/bin/../lib/gcc/arm-none-eabi/6.2.1/thumb/v7e-m\libgcc.a(_udivmoddi4.o)
                [!provide]                PROVIDE (__exidx_end, .)

.eh_frame       0x004054c8        0x0
 .eh_frame      0x004054c8        0x0 c:/program files (x86)/atmel/studio/7.0/toolchain/arm/arm-gnu-toolchain/bin/../lib/gcc/arm-none-eabi/6.2.1/thumb/v7e-m/crtbegin.o

.rel.dyn        0x004054c8        0x0
 .rel.iplt      0x004054c8        0x0 c:/program files (x86)/atmel/studio/7.0/toolchain/arm/arm-gnu-toolchain/bin/../lib/gcc/arm-none-eabi/6.2.1/thumb/v7e-m/crtbegin.o

.jcr            0x004054c8        0x0
 .jcr           0x004054c8        0x0 c:/program files (x86)/atmel/studio/7.0/toolchain/arm/arm-gnu-toolchain/bin/../lib/gcc/arm-none-eabi/6.2.1/thumb/v7e-m/crtbegin.o

.igot.plt       0x004054c8        0x0
 .igot.plt      0x004054c8        0x0 c:/program files (x86)/atmel/studio/7.0/toolchain/arm/arm-gnu-toolchain/bin/../lib/gcc/arm-none-eabi/6.2.1/thumb/v7e-m/crtbegin.o
                0x004054c8                . = ALIGN (0x4)
                0x004054c8                _etext = .

.relocate       0x20400000      0x9c4 load address 0x004054c8
                0x20400000                . = ALIGN (0x4)
                0x20400000                _srelocate = .
 *(.ramfunc .ramfunc.*)
 *(.data .data.*)
 .data.g_interrupt_enabled
                0x20400000        0x1 src/ASF/common/utils/interrupt/interrupt_sam_nvic.o
                0x20400000                g_interrupt_enabled
 *fill*         0x20400001        0x3 
 .data.SystemCoreClock
                0x20400004        0x4 src/ASF/sam/utils/cmsis/same70/source/templates/system_same70.o
                0x20400004                SystemCoreClock
 .data.correct_password
                0x20400008       0x14 src/main.o
                0x20400008                correct_password
 .data._impure_ptr
                0x2040001c        0x4 c:/program files (x86)/atmel/studio/7.0/toolchain/arm/arm-gnu-toolchain/bin/../lib/gcc/arm-none-eabi/6.2.1/../../../../arm-none-eabi/lib/thumb/v7e-m\libc.a(lib_a-impure.o)
                0x2040001c                _impure_ptr
 .data.impure_data
                0x20400020      0x428 c:/program files (x86)/atmel/studio/7.0/toolchain/arm/arm-gnu-toolchain/bin/../lib/gcc/arm-none-eabi/6.2.1/../../../../arm-none-eabi/lib/thumb/v7e-m\libc.a(lib_a-impure.o)
 .data.__global_locale
                0x20400448      0x16c c:/program files (x86)/atmel/studio/7.0/toolchain/arm/arm-gnu-toolchain/bin/../lib/gcc/arm-none-eabi/6.2.1/../../../../arm-none-eabi/lib/thumb/v7e-m\libc.a(lib_a-locale.o)
                0x20400448                __global_locale
 .data.__malloc_av_
                0x204005b4      0x408 c:/program files (x86)/atmel/studio/7.0/toolchain/arm/arm-gnu-toolchain/bin/../lib/gcc/arm-none-eabi/6.2.1/../../../../arm-none-eabi/lib/thumb/v7e-m\libc.a(lib_a-mallocr.o)
                0x204005b4                __malloc_av_
 .data.__malloc_sbrk_base
                0x204009bc        0x4 c:/program files (x86)/atmel/studio/7.0/toolchain/arm/arm-gnu-toolchain/bin/../lib/gcc/arm-none-eabi/6.2.1/../../../../arm-none-eabi/lib/thumb/v7e-m\libc.a(lib_a-mallocr.o)
                0x204009bc                __malloc_sbrk_base
 .data.__malloc_trim_threshold
                0x204009c0        0x4 c:/program files (x86)/atmel/studio/7.0/toolchain/arm/arm-gnu-toolchain/bin/../lib/gcc/arm-none-eabi/6.2.1/../../../../arm-none-eabi/lib/thumb/v7e-m\libc.a(lib_a-mallocr.o)
                0x204009c0                __malloc_trim_threshold
                0x204009c4                . = ALIGN (0x4)
                0x204009c4                _erelocate = .

.bss            0x204009c4       0xfc load address 0x00405e8c
                0x204009c4                . = ALIGN (0x4)
                0x204009c4                _sbss = .
                0x204009c4                _szero = .
 *(.bss .bss.*)
 .bss           0x204009c4       0x1c c:/program files (x86)/atmel/studio/7.0/toolchain/arm/arm-gnu-toolchain/bin/../lib/gcc/arm-none-eabi/6.2.1/thumb/v7e-m/crtbegin.o
 .bss.gs_interrupt_sources
                0x204009e0       0x70 src/ASF/sam/drivers/pio/pio_handler.o
 .bss.gs_ul_nb_sources
                0x20400a50        0x4 src/ASF/sam/drivers/pio/pio_handler.o
 .bss.ul_reg_val.9301
                0x20400a54        0x4 src/ASF/sam/drivers/usart/usart.o
 .bss.heap.6400
                0x20400a58        0x4 src/ASF/sam/utils/syscalls/gcc/syscalls.o
 .bss.has_presence
                0x20400a5c        0x1 src/main.o
                0x20400a5c                has_presence
 *fill*         0x20400a5d        0x3 
 .bss.input_password
                0x20400a60       0x14 src/main.o
                0x20400a60                input_password
 .bss.curr_index
                0x20400a74        0x1 src/main.o
                0x20400a74                curr_index
 .bss.input_password_len
                0x20400a75        0x1 src/main.o
                0x20400a75                input_password_len
 .bss.presence_to_buzzer_interval
                0x20400a76        0x1 src/main.o
                0x20400a76                presence_to_buzzer_interval
 *fill*         0x20400a77        0x1 
 .bss.correct   0x20400a78        0x4 src/main.o
                0x20400a78                correct
 .bss.__malloc_current_mallinfo
                0x20400a7c       0x28 c:/program files (x86)/atmel/studio/7.0/toolchain/arm/arm-gnu-toolchain/bin/../lib/gcc/arm-none-eabi/6.2.1/../../../../arm-none-eabi/lib/thumb/v7e-m\libc.a(lib_a-mallocr.o)
                0x20400a7c                __malloc_current_mallinfo
 .bss.__malloc_max_sbrked_mem
                0x20400aa4        0x4 c:/program files (x86)/atmel/studio/7.0/toolchain/arm/arm-gnu-toolchain/bin/../lib/gcc/arm-none-eabi/6.2.1/../../../../arm-none-eabi/lib/thumb/v7e-m\libc.a(lib_a-mallocr.o)
                0x20400aa4                __malloc_max_sbrked_mem
 .bss.__malloc_max_total_mem
                0x20400aa8        0x4 c:/program files (x86)/atmel/studio/7.0/toolchain/arm/arm-gnu-toolchain/bin/../lib/gcc/arm-none-eabi/6.2.1/../../../../arm-none-eabi/lib/thumb/v7e-m\libc.a(lib_a-mallocr.o)
                0x20400aa8                __malloc_max_total_mem
 .bss.__malloc_top_pad
                0x20400aac        0x4 c:/program files (x86)/atmel/studio/7.0/toolchain/arm/arm-gnu-toolchain/bin/../lib/gcc/arm-none-eabi/6.2.1/../../../../arm-none-eabi/lib/thumb/v7e-m\libc.a(lib_a-mallocr.o)
                0x20400aac                __malloc_top_pad
 *(COMMON)
 COMMON         0x20400ab0        0x4 src/ASF/common/utils/stdio/read.o
                0x20400ab0                ptr_get
 COMMON         0x20400ab4        0x8 src/ASF/common/utils/stdio/write.o
                0x20400ab4                ptr_put
                0x20400ab8                stdio_base
 COMMON         0x20400abc        0x4 c:/program files (x86)/atmel/studio/7.0/toolchain/arm/arm-gnu-toolchain/bin/../lib/gcc/arm-none-eabi/6.2.1/../../../../arm-none-eabi/lib/thumb/v7e-m\libc.a(lib_a-reent.o)
                0x20400abc                errno
                0x20400ac0                . = ALIGN (0x4)
                0x20400ac0                _ebss = .
                0x20400ac0                _ezero = .

.stack          0x20400ac0     0x2000 load address 0x00405f88
                0x20400ac0                . = ALIGN (0x8)
                0x20400ac0                _sstack = .
                0x20402ac0                . = (. + STACK_SIZE)
 *fill*         0x20400ac0     0x2000 
                0x20402ac0                . = ALIGN (0x8)
                0x20402ac0                _estack = .

.heap           0x20402ac0      0x200 load address 0x00407f88
                0x20402ac0                . = ALIGN (0x8)
                0x20402ac0                _sheap = .
                0x20402cc0                . = (. + HEAP_SIZE)
 *fill*         0x20402ac0      0x200 
                0x20402cc0                . = ALIGN (0x8)
                0x20402cc0                _eheap = .
                0x20402cc0                . = ALIGN (0x4)
                0x20402cc0                _end = .
                0x2045ffff                _ram_end_ = ((ORIGIN (ram) + LENGTH (ram)) - 0x1)
OUTPUT(Code.elf elf32-littlearm)

.ARM.attributes
                0x00000000       0x2e
 .ARM.attributes
                0x00000000       0x1e c:/program files (x86)/atmel/studio/7.0/toolchain/arm/arm-gnu-toolchain/bin/../lib/gcc/arm-none-eabi/6.2.1/thumb/v7e-m/crti.o
 .ARM.attributes
                0x0000001e       0x2e c:/program files (x86)/atmel/studio/7.0/toolchain/arm/arm-gnu-toolchain/bin/../lib/gcc/arm-none-eabi/6.2.1/thumb/v7e-m/crtbegin.o
 .ARM.attributes
                0x0000004c       0x37 src/ASF/common/utils/stdio/read.o
 .ARM.attributes
                0x00000083       0x37 src/ASF/common/utils/stdio/write.o
 .ARM.attributes
                0x000000ba       0x37 src/ASF/sam/drivers/tc/tc.o
 .ARM.attributes
                0x000000f1       0x37 src/ASF/sam/drivers/uart/uart.o
 .ARM.attributes
                0x00000128       0x37 src/ASF/common/services/clock/same70/sysclk.o
 .ARM.attributes
                0x0000015f       0x37 src/ASF/common/utils/interrupt/interrupt_sam_nvic.o
 .ARM.attributes
                0x00000196       0x37 src/ASF/sam/boards/same70_xplained/init.o
 .ARM.attributes
                0x000001cd       0x37 src/ASF/sam/drivers/pio/pio.o
 .ARM.attributes
                0x00000204       0x37 src/ASF/sam/drivers/pio/pio_handler.o
 .ARM.attributes
                0x0000023b       0x37 src/ASF/sam/drivers/pmc/pmc.o
 .ARM.attributes
                0x00000272       0x37 src/ASF/sam/drivers/usart/usart.o
 .ARM.attributes
                0x000002a9       0x37 src/ASF/sam/utils/cmsis/same70/source/templates/gcc/startup_same70.o
 .ARM.attributes
                0x000002e0       0x37 src/ASF/sam/utils/cmsis/same70/source/templates/system_same70.o
 .ARM.attributes
                0x00000317       0x37 src/ASF/sam/utils/syscalls/gcc/syscalls.o
 .ARM.attributes
                0x0000034e       0x37 src/main.o
 .ARM.attributes
                0x00000385       0x2e c:/program files (x86)/atmel/studio/7.0/toolchain/arm/arm-gnu-toolchain/bin/../lib/gcc/arm-none-eabi/6.2.1/../../../../arm-none-eabi/lib/thumb/v7e-m\libc.a(lib_a-impure.o)
 .ARM.attributes
                0x000003b3       0x2e c:/program files (x86)/atmel/studio/7.0/toolchain/arm/arm-gnu-toolchain/bin/../lib/gcc/arm-none-eabi/6.2.1/../../../../arm-none-eabi/lib/thumb/v7e-m\libc.a(lib_a-init.o)
 .ARM.attributes
                0x000003e1       0x2e c:/program files (x86)/atmel/studio/7.0/toolchain/arm/arm-gnu-toolchain/bin/../lib/gcc/arm-none-eabi/6.2.1/../../../../arm-none-eabi/lib/thumb/v7e-m\libc.a(lib_a-iprintf.o)
 .ARM.attributes
                0x0000040f       0x2e c:/program files (x86)/atmel/studio/7.0/toolchain/arm/arm-gnu-toolchain/bin/../lib/gcc/arm-none-eabi/6.2.1/../../../../arm-none-eabi/lib/thumb/v7e-m\libc.a(lib_a-memset.o)
 .ARM.attributes
                0x0000043d       0x2e c:/program files (x86)/atmel/studio/7.0/toolchain/arm/arm-gnu-toolchain/bin/../lib/gcc/arm-none-eabi/6.2.1/../../../../arm-none-eabi/lib/thumb/v7e-m\libc.a(lib_a-setbuf.o)
 .ARM.attributes
                0x0000046b       0x2e c:/program files (x86)/atmel/studio/7.0/toolchain/arm/arm-gnu-toolchain/bin/../lib/gcc/arm-none-eabi/6.2.1/../../../../arm-none-eabi/lib/thumb/v7e-m\libc.a(lib_a-setvbuf.o)
 .ARM.attributes
                0x00000499       0x2e c:/program files (x86)/atmel/studio/7.0/toolchain/arm/arm-gnu-toolchain/bin/../lib/gcc/arm-none-eabi/6.2.1/../../../../arm-none-eabi/lib/thumb/v7e-m\libc.a(lib_a-vfiprintf.o)
 .ARM.attributes
                0x000004c7       0x2e c:/program files (x86)/atmel/studio/7.0/toolchain/arm/arm-gnu-toolchain/bin/../lib/gcc/arm-none-eabi/6.2.1/../../../../arm-none-eabi/lib/thumb/v7e-m\libc.a(lib_a-wsetup.o)
 .ARM.attributes
                0x000004f5       0x2e c:/program files (x86)/atmel/studio/7.0/toolchain/arm/arm-gnu-toolchain/bin/../lib/gcc/arm-none-eabi/6.2.1/../../../../arm-none-eabi/lib/thumb/v7e-m\libc.a(lib_a-__call_atexit.o)
 .ARM.attributes
                0x00000523       0x2e c:/program files (x86)/atmel/studio/7.0/toolchain/arm/arm-gnu-toolchain/bin/../lib/gcc/arm-none-eabi/6.2.1/../../../../arm-none-eabi/lib/thumb/v7e-m\libc.a(lib_a-atexit.o)
 .ARM.attributes
                0x00000551       0x2e c:/program files (x86)/atmel/studio/7.0/toolchain/arm/arm-gnu-toolchain/bin/../lib/gcc/arm-none-eabi/6.2.1/../../../../arm-none-eabi/lib/thumb/v7e-m\libc.a(lib_a-fflush.o)
 .ARM.attributes
                0x0000057f       0x2e c:/program files (x86)/atmel/studio/7.0/toolchain/arm/arm-gnu-toolchain/bin/../lib/gcc/arm-none-eabi/6.2.1/../../../../arm-none-eabi/lib/thumb/v7e-m\libc.a(lib_a-findfp.o)
 .ARM.attributes
                0x000005ad       0x2e c:/program files (x86)/atmel/studio/7.0/toolchain/arm/arm-gnu-toolchain/bin/../lib/gcc/arm-none-eabi/6.2.1/../../../../arm-none-eabi/lib/thumb/v7e-m\libc.a(lib_a-fini.o)
 .ARM.attributes
                0x000005db       0x2e c:/program files (x86)/atmel/studio/7.0/toolchain/arm/arm-gnu-toolchain/bin/../lib/gcc/arm-none-eabi/6.2.1/../../../../arm-none-eabi/lib/thumb/v7e-m\libc.a(lib_a-fputwc.o)
 .ARM.attributes
                0x00000609       0x2e c:/program files (x86)/atmel/studio/7.0/toolchain/arm/arm-gnu-toolchain/bin/../lib/gcc/arm-none-eabi/6.2.1/../../../../arm-none-eabi/lib/thumb/v7e-m\libc.a(lib_a-freer.o)
 .ARM.attributes
                0x00000637       0x2e c:/program files (x86)/atmel/studio/7.0/toolchain/arm/arm-gnu-toolchain/bin/../lib/gcc/arm-none-eabi/6.2.1/../../../../arm-none-eabi/lib/thumb/v7e-m\libc.a(lib_a-fvwrite.o)
 .ARM.attributes
                0x00000665       0x2e c:/program files (x86)/atmel/studio/7.0/toolchain/arm/arm-gnu-toolchain/bin/../lib/gcc/arm-none-eabi/6.2.1/../../../../arm-none-eabi/lib/thumb/v7e-m\libc.a(lib_a-fwalk.o)
 .ARM.attributes
                0x00000693       0x2e c:/program files (x86)/atmel/studio/7.0/toolchain/arm/arm-gnu-toolchain/bin/../lib/gcc/arm-none-eabi/6.2.1/../../../../arm-none-eabi/lib/thumb/v7e-m\libc.a(lib_a-locale.o)
 .ARM.attributes
                0x000006c1       0x2e c:/program files (x86)/atmel/studio/7.0/toolchain/arm/arm-gnu-toolchain/bin/../lib/gcc/arm-none-eabi/6.2.1/../../../../arm-none-eabi/lib/thumb/v7e-m\libc.a(lib_a-makebuf.o)
 .ARM.attributes
                0x000006ef       0x2e c:/program files (x86)/atmel/studio/7.0/toolchain/arm/arm-gnu-toolchain/bin/../lib/gcc/arm-none-eabi/6.2.1/../../../../arm-none-eabi/lib/thumb/v7e-m\libc.a(lib_a-malloc.o)
 .ARM.attributes
                0x0000071d       0x2e c:/program files (x86)/atmel/studio/7.0/toolchain/arm/arm-gnu-toolchain/bin/../lib/gcc/arm-none-eabi/6.2.1/../../../../arm-none-eabi/lib/thumb/v7e-m\libc.a(lib_a-mallocr.o)
 .ARM.attributes
                0x0000074b       0x2e c:/program files (x86)/atmel/studio/7.0/toolchain/arm/arm-gnu-toolchain/bin/../lib/gcc/arm-none-eabi/6.2.1/../../../../arm-none-eabi/lib/thumb/v7e-m\libc.a(lib_a-mbtowc_r.o)
 .ARM.attributes
                0x00000779       0x1c c:/program files (x86)/atmel/studio/7.0/toolchain/arm/arm-gnu-toolchain/bin/../lib/gcc/arm-none-eabi/6.2.1/../../../../arm-none-eabi/lib/thumb/v7e-m\libc.a(lib_a-memchr.o)
 .ARM.attributes
                0x00000795       0x1c c:/program files (x86)/atmel/studio/7.0/toolchain/arm/arm-gnu-toolchain/bin/../lib/gcc/arm-none-eabi/6.2.1/../../../../arm-none-eabi/lib/thumb/v7e-m\libc.a(lib_a-memcpy.o)
 .ARM.attributes
                0x000007b1       0x2e c:/program files (x86)/atmel/studio/7.0/toolchain/arm/arm-gnu-toolchain/bin/../lib/gcc/arm-none-eabi/6.2.1/../../../../arm-none-eabi/lib/thumb/v7e-m\libc.a(lib_a-memmove.o)
 .ARM.attributes
                0x000007df       0x2e c:/program files (x86)/atmel/studio/7.0/toolchain/arm/arm-gnu-toolchain/bin/../lib/gcc/arm-none-eabi/6.2.1/../../../../arm-none-eabi/lib/thumb/v7e-m\libc.a(lib_a-mlock.o)
 .ARM.attributes
                0x0000080d       0x2e c:/program files (x86)/atmel/studio/7.0/toolchain/arm/arm-gnu-toolchain/bin/../lib/gcc/arm-none-eabi/6.2.1/../../../../arm-none-eabi/lib/thumb/v7e-m\libc.a(lib_a-reallocr.o)
 .ARM.attributes
                0x0000083b       0x2e c:/program files (x86)/atmel/studio/7.0/toolchain/arm/arm-gnu-toolchain/bin/../lib/gcc/arm-none-eabi/6.2.1/../../../../arm-none-eabi/lib/thumb/v7e-m\libc.a(lib_a-sbrkr.o)
 .ARM.attributes
                0x00000869       0x2e c:/program files (x86)/atmel/studio/7.0/toolchain/arm/arm-gnu-toolchain/bin/../lib/gcc/arm-none-eabi/6.2.1/../../../../arm-none-eabi/lib/thumb/v7e-m\libc.a(lib_a-stdio.o)
 .ARM.attributes
                0x00000897       0x1c c:/program files (x86)/atmel/studio/7.0/toolchain/arm/arm-gnu-toolchain/bin/../lib/gcc/arm-none-eabi/6.2.1/../../../../arm-none-eabi/lib/thumb/v7e-m\libc.a(lib_a-strlen.o)
 .ARM.attributes
                0x000008b3       0x2e c:/program files (x86)/atmel/studio/7.0/toolchain/arm/arm-gnu-toolchain/bin/../lib/gcc/arm-none-eabi/6.2.1/../../../../arm-none-eabi/lib/thumb/v7e-m\libc.a(lib_a-wbuf.o)
 .ARM.attributes
                0x000008e1       0x2e c:/program files (x86)/atmel/studio/7.0/toolchain/arm/arm-gnu-toolchain/bin/../lib/gcc/arm-none-eabi/6.2.1/../../../../arm-none-eabi/lib/thumb/v7e-m\libc.a(lib_a-wcrtomb.o)
 .ARM.attributes
                0x0000090f       0x2e c:/program files (x86)/atmel/studio/7.0/toolchain/arm/arm-gnu-toolchain/bin/../lib/gcc/arm-none-eabi/6.2.1/../../../../arm-none-eabi/lib/thumb/v7e-m\libc.a(lib_a-wctomb_r.o)
 .ARM.attributes
                0x0000093d       0x2e c:/program files (x86)/atmel/studio/7.0/toolchain/arm/arm-gnu-toolchain/bin/../lib/gcc/arm-none-eabi/6.2.1/../../../../arm-none-eabi/lib/thumb/v7e-m\libc.a(lib_a-writer.o)
 .ARM.attributes
                0x0000096b       0x2e c:/program files (x86)/atmel/studio/7.0/toolchain/arm/arm-gnu-toolchain/bin/../lib/gcc/arm-none-eabi/6.2.1/../../../../arm-none-eabi/lib/thumb/v7e-m\libc.a(lib_a-__atexit.o)
 .ARM.attributes
                0x00000999       0x2e c:/program files (x86)/atmel/studio/7.0/toolchain/arm/arm-gnu-toolchain/bin/../lib/gcc/arm-none-eabi/6.2.1/../../../../arm-none-eabi/lib/thumb/v7e-m\libc.a(lib_a-closer.o)
 .ARM.attributes
                0x000009c7       0x2e c:/program files (x86)/atmel/studio/7.0/toolchain/arm/arm-gnu-toolchain/bin/../lib/gcc/arm-none-eabi/6.2.1/../../../../arm-none-eabi/lib/thumb/v7e-m\libc.a(lib_a-ctype_.o)
 .ARM.attributes
                0x000009f5       0x2e c:/program files (x86)/atmel/studio/7.0/toolchain/arm/arm-gnu-toolchain/bin/../lib/gcc/arm-none-eabi/6.2.1/../../../../arm-none-eabi/lib/thumb/v7e-m\libc.a(lib_a-fclose.o)
 .ARM.attributes
                0x00000a23       0x2e c:/program files (x86)/atmel/studio/7.0/toolchain/arm/arm-gnu-toolchain/bin/../lib/gcc/arm-none-eabi/6.2.1/../../../../arm-none-eabi/lib/thumb/v7e-m\libc.a(lib_a-fstatr.o)
 .ARM.attributes
                0x00000a51       0x2e c:/program files (x86)/atmel/studio/7.0/toolchain/arm/arm-gnu-toolchain/bin/../lib/gcc/arm-none-eabi/6.2.1/../../../../arm-none-eabi/lib/thumb/v7e-m\libc.a(lib_a-isattyr.o)
 .ARM.attributes
                0x00000a7f       0x2e c:/program files (x86)/atmel/studio/7.0/toolchain/arm/arm-gnu-toolchain/bin/../lib/gcc/arm-none-eabi/6.2.1/../../../../arm-none-eabi/lib/thumb/v7e-m\libc.a(lib_a-lseekr.o)
 .ARM.attributes
                0x00000aad       0x2e c:/program files (x86)/atmel/studio/7.0/toolchain/arm/arm-gnu-toolchain/bin/../lib/gcc/arm-none-eabi/6.2.1/../../../../arm-none-eabi/lib/thumb/v7e-m\libc.a(lib_a-readr.o)
 .ARM.attributes
                0x00000adb       0x2e c:/program files (x86)/atmel/studio/7.0/toolchain/arm/arm-gnu-toolchain/bin/../lib/gcc/arm-none-eabi/6.2.1/../../../../arm-none-eabi/lib/thumb/v7e-m\libc.a(lib_a-reent.o)
 .ARM.attributes
                0x00000b09       0x1e c:/program files (x86)/atmel/studio/7.0/toolchain/arm/arm-gnu-toolchain/bin/../lib/gcc/arm-none-eabi/6.2.1/thumb/v7e-m\libgcc.a(_aeabi_uldivmod.o)
 .ARM.attributes
                0x00000b27       0x2e c:/program files (x86)/atmel/studio/7.0/toolchain/arm/arm-gnu-toolchain/bin/../lib/gcc/arm-none-eabi/6.2.1/thumb/v7e-m\libgcc.a(_udivmoddi4.o)
 .ARM.attributes
                0x00000b55       0x1e c:/program files (x86)/atmel/studio/7.0/toolchain/arm/arm-gnu-toolchain/bin/../lib/gcc/arm-none-eabi/6.2.1/thumb/v7e-m\libgcc.a(_dvmd_tls.o)
 .ARM.attributes
                0x00000b73       0x1e c:/program files (x86)/atmel/studio/7.0/toolchain/arm/arm-gnu-toolchain/bin/../lib/gcc/arm-none-eabi/6.2.1/thumb/v7e-m/crtn.o

.comment        0x00000000       0x59
 .comment       0x00000000       0x59 src/ASF/common/utils/stdio/read.o
                                 0x5a (size before relaxing)
 .comment       0x00000059       0x5a src/ASF/common/utils/stdio/write.o
 .comment       0x00000059       0x5a src/ASF/sam/drivers/tc/tc.o
 .comment       0x00000059       0x5a src/ASF/sam/drivers/uart/uart.o
 .comment       0x00000059       0x5a src/ASF/common/services/clock/same70/sysclk.o
 .comment       0x00000059       0x5a src/ASF/common/utils/interrupt/interrupt_sam_nvic.o
 .comment       0x00000059       0x5a src/ASF/sam/boards/same70_xplained/init.o
 .comment       0x00000059       0x5a src/ASF/sam/drivers/pio/pio.o
 .comment       0x00000059       0x5a src/ASF/sam/drivers/pio/pio_handler.o
 .comment       0x00000059       0x5a src/ASF/sam/drivers/pmc/pmc.o
 .comment       0x00000059       0x5a src/ASF/sam/drivers/usart/usart.o
 .comment       0x00000059       0x5a src/ASF/sam/utils/cmsis/same70/source/templates/gcc/startup_same70.o
 .comment       0x00000059       0x5a src/ASF/sam/utils/cmsis/same70/source/templates/system_same70.o
 .comment       0x00000059       0x5a src/ASF/sam/utils/syscalls/gcc/syscalls.o
 .comment       0x00000059       0x5a src/main.o

.debug_info     0x00000000    0x138b2
 .debug_info    0x00000000      0xaad src/ASF/common/utils/stdio/read.o
 .debug_info    0x00000aad      0xab6 src/ASF/common/utils/stdio/write.o
 .debug_info    0x00001563     0x123d src/ASF/sam/drivers/tc/tc.o
 .debug_info    0x000027a0     0x104e src/ASF/sam/drivers/uart/uart.o
 .debug_info    0x000037ee     0x12c8 src/ASF/common/services/clock/same70/sysclk.o
 .debug_info    0x00004ab6      0xafa src/ASF/common/utils/interrupt/interrupt_sam_nvic.o
 .debug_info    0x000055b0     0x1e3a src/ASF/sam/boards/same70_xplained/init.o
 .debug_info    0x000073ea     0x1cb3 src/ASF/sam/drivers/pio/pio.o
 .debug_info    0x0000909d     0x1a0c src/ASF/sam/drivers/pio/pio_handler.o
 .debug_info    0x0000aaa9     0x1ded src/ASF/sam/drivers/pmc/pmc.o
 .debug_info    0x0000c896     0x20e9 src/ASF/sam/drivers/usart/usart.o
 .debug_info    0x0000e97f     0x1570 src/ASF/sam/utils/cmsis/same70/source/templates/gcc/startup_same70.o
 .debug_info    0x0000feef      0x55f src/ASF/sam/utils/cmsis/same70/source/templates/system_same70.o
 .debug_info    0x0001044e      0xdb0 src/ASF/sam/utils/syscalls/gcc/syscalls.o
 .debug_info    0x000111fe     0x26b4 src/main.o

.debug_abbrev   0x00000000     0x24b8
 .debug_abbrev  0x00000000      0x1da src/ASF/common/utils/stdio/read.o
 .debug_abbrev  0x000001da      0x1da src/ASF/common/utils/stdio/write.o
 .debug_abbrev  0x000003b4      0x24a src/ASF/sam/drivers/tc/tc.o
 .debug_abbrev  0x000005fe      0x234 src/ASF/sam/drivers/uart/uart.o
 .debug_abbrev  0x00000832      0x296 src/ASF/common/services/clock/same70/sysclk.o
 .debug_abbrev  0x00000ac8      0x214 src/ASF/common/utils/interrupt/interrupt_sam_nvic.o
 .debug_abbrev  0x00000cdc      0x3af src/ASF/sam/boards/same70_xplained/init.o
 .debug_abbrev  0x0000108b      0x296 src/ASF/sam/drivers/pio/pio.o
 .debug_abbrev  0x00001321      0x2c9 src/ASF/sam/drivers/pio/pio_handler.o
 .debug_abbrev  0x000015ea      0x2c5 src/ASF/sam/drivers/pmc/pmc.o
 .debug_abbrev  0x000018af      0x287 src/ASF/sam/drivers/usart/usart.o
 .debug_abbrev  0x00001b36      0x2e8 src/ASF/sam/utils/cmsis/same70/source/templates/gcc/startup_same70.o
 .debug_abbrev  0x00001e1e      0x102 src/ASF/sam/utils/cmsis/same70/source/templates/system_same70.o
 .debug_abbrev  0x00001f20      0x22a src/ASF/sam/utils/syscalls/gcc/syscalls.o
 .debug_abbrev  0x0000214a      0x36e src/main.o

.debug_loc      0x00000000     0x6f94
 .debug_loc     0x00000000       0x50 src/ASF/common/utils/stdio/read.o
 .debug_loc     0x00000050       0x50 src/ASF/common/utils/stdio/write.o
 .debug_loc     0x000000a0      0x844 src/ASF/sam/drivers/tc/tc.o
 .debug_loc     0x000008e4      0x8a0 src/ASF/sam/drivers/uart/uart.o
 .debug_loc     0x00001184      0x4a0 src/ASF/common/services/clock/same70/sysclk.o
 .debug_loc     0x00001624       0xa0 src/ASF/common/utils/interrupt/interrupt_sam_nvic.o
 .debug_loc     0x000016c4      0x2b8 src/ASF/sam/boards/same70_xplained/init.o
 .debug_loc     0x0000197c     0x1174 src/ASF/sam/drivers/pio/pio.o
 .debug_loc     0x00002af0      0x38c src/ASF/sam/drivers/pio/pio_handler.o
 .debug_loc     0x00002e7c     0x172c src/ASF/sam/drivers/pmc/pmc.o
 .debug_loc     0x000045a8     0x1e4c src/ASF/sam/drivers/usart/usart.o
 .debug_loc     0x000063f4      0x16c src/ASF/sam/utils/cmsis/same70/source/templates/gcc/startup_same70.o
 .debug_loc     0x00006560       0xe4 src/ASF/sam/utils/cmsis/same70/source/templates/system_same70.o
 .debug_loc     0x00006644      0x300 src/ASF/sam/utils/syscalls/gcc/syscalls.o
 .debug_loc     0x00006944      0x650 src/main.o

.debug_aranges  0x00000000      0xbe0
 .debug_aranges
                0x00000000       0x20 src/ASF/common/utils/stdio/read.o
 .debug_aranges
                0x00000020       0x20 src/ASF/common/utils/stdio/write.o
 .debug_aranges
                0x00000040       0xd0 src/ASF/sam/drivers/tc/tc.o
 .debug_aranges
                0x00000110       0xd8 src/ASF/sam/drivers/uart/uart.o
 .debug_aranges
                0x000001e8       0x98 src/ASF/common/services/clock/same70/sysclk.o
 .debug_aranges
                0x00000280       0x28 src/ASF/common/utils/interrupt/interrupt_sam_nvic.o
 .debug_aranges
                0x000002a8       0x60 src/ASF/sam/boards/same70_xplained/init.o
 .debug_aranges
                0x00000308      0x1a8 src/ASF/sam/drivers/pio/pio.o
 .debug_aranges
                0x000004b0       0x80 src/ASF/sam/drivers/pio/pio_handler.o
 .debug_aranges
                0x00000530      0x250 src/ASF/sam/drivers/pmc/pmc.o
 .debug_aranges
                0x00000780      0x2c8 src/ASF/sam/drivers/usart/usart.o
 .debug_aranges
                0x00000a48       0x40 src/ASF/sam/utils/cmsis/same70/source/templates/gcc/startup_same70.o
 .debug_aranges
                0x00000a88       0x30 src/ASF/sam/utils/cmsis/same70/source/templates/system_same70.o
 .debug_aranges
                0x00000ab8       0x60 src/ASF/sam/utils/syscalls/gcc/syscalls.o
 .debug_aranges
                0x00000b18       0xc8 src/main.o

.debug_ranges   0x00000000      0xb68
 .debug_ranges  0x00000000       0x10 src/ASF/common/utils/stdio/read.o
 .debug_ranges  0x00000010       0x10 src/ASF/common/utils/stdio/write.o
 .debug_ranges  0x00000020       0xc0 src/ASF/sam/drivers/tc/tc.o
 .debug_ranges  0x000000e0       0xc8 src/ASF/sam/drivers/uart/uart.o
 .debug_ranges  0x000001a8       0x88 src/ASF/common/services/clock/same70/sysclk.o
 .debug_ranges  0x00000230       0x18 src/ASF/common/utils/interrupt/interrupt_sam_nvic.o
 .debug_ranges  0x00000248       0xc8 src/ASF/sam/boards/same70_xplained/init.o
 .debug_ranges  0x00000310      0x198 src/ASF/sam/drivers/pio/pio.o
 .debug_ranges  0x000004a8       0x70 src/ASF/sam/drivers/pio/pio_handler.o
 .debug_ranges  0x00000518      0x240 src/ASF/sam/drivers/pmc/pmc.o
 .debug_ranges  0x00000758      0x2b8 src/ASF/sam/drivers/usart/usart.o
 .debug_ranges  0x00000a10       0x30 src/ASF/sam/utils/cmsis/same70/source/templates/gcc/startup_same70.o
 .debug_ranges  0x00000a40       0x20 src/ASF/sam/utils/cmsis/same70/source/templates/system_same70.o
 .debug_ranges  0x00000a60       0x50 src/ASF/sam/utils/syscalls/gcc/syscalls.o
 .debug_ranges  0x00000ab0       0xb8 src/main.o

.debug_macro    0x00000000     0x6998
 .debug_macro   0x00000000      0x655 src/ASF/common/utils/stdio/read.o
 .debug_macro   0x00000655      0x655 src/ASF/common/utils/stdio/write.o
 .debug_macro   0x00000caa      0x66d src/ASF/sam/drivers/tc/tc.o
 .debug_macro   0x00001317       0x4c src/ASF/sam/drivers/tc/tc.o
 .debug_macro   0x00001363       0x8d src/ASF/sam/drivers/tc/tc.o
 .debug_macro   0x000013f0       0x16 src/ASF/sam/drivers/tc/tc.o
 .debug_macro   0x00001406       0x57 src/ASF/sam/drivers/tc/tc.o
 .debug_macro   0x0000145d       0x1c src/ASF/sam/drivers/tc/tc.o
 .debug_macro   0x00001479      0x665 src/ASF/sam/drivers/uart/uart.o
 .debug_macro   0x00001ade       0x16 src/ASF/sam/drivers/uart/uart.o
 .debug_macro   0x00001af4      0x6d1 src/ASF/common/services/clock/same70/sysclk.o
 .debug_macro   0x000021c5      0x2c0 src/ASF/common/services/clock/same70/sysclk.o
 .debug_macro   0x00002485      0x655 src/ASF/common/utils/interrupt/interrupt_sam_nvic.o
 .debug_macro   0x00002ada      0x70b src/ASF/sam/boards/same70_xplained/init.o
 .debug_macro   0x000031e5       0x58 src/ASF/sam/boards/same70_xplained/init.o
 .debug_macro   0x0000323d       0x82 src/ASF/sam/boards/same70_xplained/init.o
 .debug_macro   0x000032bf       0x94 src/ASF/sam/boards/same70_xplained/init.o
 .debug_macro   0x00003353      0x66b src/ASF/sam/drivers/pio/pio.o
 .debug_macro   0x000039be       0x8e src/ASF/sam/drivers/pio/pio.o
 .debug_macro   0x00003a4c      0x676 src/ASF/sam/drivers/pio/pio_handler.o
 .debug_macro   0x000040c2      0x66b src/ASF/sam/drivers/pmc/pmc.o
 .debug_macro   0x0000472d       0x6a src/ASF/sam/drivers/pmc/pmc.o
 .debug_macro   0x00004797      0x69b src/ASF/sam/drivers/usart/usart.o
 .debug_macro   0x00004e32       0x34 src/ASF/sam/drivers/usart/usart.o
 .debug_macro   0x00004e66      0x664 src/ASF/sam/utils/cmsis/same70/source/templates/gcc/startup_same70.o
 .debug_macro   0x000054ca       0x10 src/ASF/sam/utils/cmsis/same70/source/templates/gcc/startup_same70.o
 .debug_macro   0x000054da      0x455 src/ASF/sam/utils/cmsis/same70/source/templates/system_same70.o
 .debug_macro   0x0000592f      0x1d6 src/ASF/sam/utils/syscalls/gcc/syscalls.o
 .debug_macro   0x00005b05       0x97 src/ASF/sam/utils/syscalls/gcc/syscalls.o
 .debug_macro   0x00005b9c       0xf6 src/ASF/sam/utils/syscalls/gcc/syscalls.o
 .debug_macro   0x00005c92       0x4c src/ASF/sam/utils/syscalls/gcc/syscalls.o
 .debug_macro   0x00005cde       0x16 src/ASF/sam/utils/syscalls/gcc/syscalls.o
 .debug_macro   0x00005cf4       0x10 src/ASF/sam/utils/syscalls/gcc/syscalls.o
 .debug_macro   0x00005d04       0x10 src/ASF/sam/utils/syscalls/gcc/syscalls.o
 .debug_macro   0x00005d14       0x35 src/ASF/sam/utils/syscalls/gcc/syscalls.o
 .debug_macro   0x00005d49      0x122 src/ASF/sam/utils/syscalls/gcc/syscalls.o
 .debug_macro   0x00005e6b      0x8ed src/main.o
 .debug_macro   0x00006758       0x40 src/main.o
 .debug_macro   0x00006798      0x1ce src/main.o
 .debug_macro   0x00006966       0x16 src/main.o
 .debug_macro   0x0000697c       0x1c src/main.o

.debug_line     0x00000000     0xb16e
 .debug_line    0x00000000      0x9ea src/ASF/common/utils/stdio/read.o
 .debug_line    0x000009ea      0x9e7 src/ASF/common/utils/stdio/write.o
 .debug_line    0x000013d1      0xb8c src/ASF/sam/drivers/tc/tc.o
 .debug_line    0x00001f5d      0xb91 src/ASF/sam/drivers/uart/uart.o
 .debug_line    0x00002aee      0xc67 src/ASF/common/services/clock/same70/sysclk.o
 .debug_line    0x00003755      0xa09 src/ASF/common/utils/interrupt/interrupt_sam_nvic.o
 .debug_line    0x0000415e      0xcff src/ASF/sam/boards/same70_xplained/init.o
 .debug_line    0x00004e5d      0xe17 src/ASF/sam/drivers/pio/pio.o
 .debug_line    0x00005c74      0xb18 src/ASF/sam/drivers/pio/pio_handler.o
 .debug_line    0x0000678c     0x10dc src/ASF/sam/drivers/pmc/pmc.o
 .debug_line    0x00007868     0x10cd src/ASF/sam/drivers/usart/usart.o
 .debug_line    0x00008935      0xac0 src/ASF/sam/utils/cmsis/same70/source/templates/gcc/startup_same70.o
 .debug_line    0x000093f5      0x820 src/ASF/sam/utils/cmsis/same70/source/templates/system_same70.o
 .debug_line    0x00009c15      0x417 src/ASF/sam/utils/syscalls/gcc/syscalls.o
 .debug_line    0x0000a02c     0x1142 src/main.o

.debug_str      0x00000000    0x8b795
 .debug_str     0x00000000    0x815ee src/ASF/common/utils/stdio/read.o
                              0x81c66 (size before relaxing)
 .debug_str     0x000815ee       0x2e src/ASF/common/utils/stdio/write.o
                              0x81c67 (size before relaxing)
 .debug_str     0x0008161c      0x39f src/ASF/sam/drivers/tc/tc.o
                              0x81fd0 (size before relaxing)
 .debug_str     0x000819bb      0x309 src/ASF/sam/drivers/uart/uart.o
                              0x81f6d (size before relaxing)
 .debug_str     0x00081cc4     0x46f2 src/ASF/common/services/clock/same70/sysclk.o
                              0x8636e (size before relaxing)
 .debug_str     0x000863b6       0x94 src/ASF/common/utils/interrupt/interrupt_sam_nvic.o
                              0x81cbd (size before relaxing)
 .debug_str     0x0008644a     0x108d src/ASF/sam/boards/same70_xplained/init.o
                              0x86faf (size before relaxing)
 .debug_str     0x000874d7      0x58c src/ASF/sam/drivers/pio/pio.o
                              0x82813 (size before relaxing)
 .debug_str     0x00087a63      0x446 src/ASF/sam/drivers/pio/pio_handler.o
                              0x82935 (size before relaxing)
 .debug_str     0x00087ea9      0x642 src/ASF/sam/drivers/pmc/pmc.o
                              0x82977 (size before relaxing)
 .debug_str     0x000884eb      0xb6a src/ASF/sam/drivers/usart/usart.o
                              0x82805 (size before relaxing)
 .debug_str     0x00089055      0x6a3 src/ASF/sam/utils/cmsis/same70/source/templates/gcc/startup_same70.o
                              0x8248a (size before relaxing)
 .debug_str     0x000896f8      0x137 src/ASF/sam/utils/cmsis/same70/source/templates/system_same70.o
                              0x72840 (size before relaxing)
 .debug_str     0x0008982f      0x778 src/ASF/sam/utils/syscalls/gcc/syscalls.o
                               0x7306 (size before relaxing)
 .debug_str     0x00089fa7     0x17ee src/main.o
                              0x88a70 (size before relaxing)

.debug_frame    0x00000000     0x3f14
 .debug_frame   0x00000000       0x34 src/ASF/common/utils/stdio/read.o
 .debug_frame   0x00000034       0x34 src/ASF/common/utils/stdio/write.o
 .debug_frame   0x00000068      0x3a8 src/ASF/sam/drivers/tc/tc.o
 .debug_frame   0x00000410      0x3d0 src/ASF/sam/drivers/uart/uart.o
 .debug_frame   0x000007e0      0x240 src/ASF/common/services/clock/same70/sysclk.o
 .debug_frame   0x00000a20       0x58 src/ASF/common/utils/interrupt/interrupt_sam_nvic.o
 .debug_frame   0x00000a78      0x154 src/ASF/sam/boards/same70_xplained/init.o
 .debug_frame   0x00000bcc      0x7c0 src/ASF/sam/drivers/pio/pio.o
 .debug_frame   0x0000138c      0x1d0 src/ASF/sam/drivers/pio/pio_handler.o
 .debug_frame   0x0000155c      0xa60 src/ASF/sam/drivers/pmc/pmc.o
 .debug_frame   0x00001fbc      0xd4c src/ASF/sam/drivers/usart/usart.o
 .debug_frame   0x00002d08       0xbc src/ASF/sam/utils/cmsis/same70/source/templates/gcc/startup_same70.o
 .debug_frame   0x00002dc4       0x78 src/ASF/sam/utils/cmsis/same70/source/templates/system_same70.o
 .debug_frame   0x00002e3c      0x164 src/ASF/sam/utils/syscalls/gcc/syscalls.o
 .debug_frame   0x00002fa0      0x324 src/main.o
 .debug_frame   0x000032c4       0x2c c:/program files (x86)/atmel/studio/7.0/toolchain/arm/arm-gnu-toolchain/bin/../lib/gcc/arm-none-eabi/6.2.1/../../../../arm-none-eabi/lib/thumb/v7e-m\libc.a(lib_a-init.o)
 .debug_frame   0x000032f0       0x74 c:/program files (x86)/atmel/studio/7.0/toolchain/arm/arm-gnu-toolchain/bin/../lib/gcc/arm-none-eabi/6.2.1/../../../../arm-none-eabi/lib/thumb/v7e-m\libc.a(lib_a-iprintf.o)
 .debug_frame   0x00003364       0x34 c:/program files (x86)/atmel/studio/7.0/toolchain/arm/arm-gnu-toolchain/bin/../lib/gcc/arm-none-eabi/6.2.1/../../../../arm-none-eabi/lib/thumb/v7e-m\libc.a(lib_a-memset.o)
 .debug_frame   0x00003398       0x20 c:/program files (x86)/atmel/studio/7.0/toolchain/arm/arm-gnu-toolchain/bin/../lib/gcc/arm-none-eabi/6.2.1/../../../../arm-none-eabi/lib/thumb/v7e-m\libc.a(lib_a-setbuf.o)
 .debug_frame   0x000033b8       0x50 c:/program files (x86)/atmel/studio/7.0/toolchain/arm/arm-gnu-toolchain/bin/../lib/gcc/arm-none-eabi/6.2.1/../../../../arm-none-eabi/lib/thumb/v7e-m\libc.a(lib_a-setvbuf.o)
 .debug_frame   0x00003408       0xc4 c:/program files (x86)/atmel/studio/7.0/toolchain/arm/arm-gnu-toolchain/bin/../lib/gcc/arm-none-eabi/6.2.1/../../../../arm-none-eabi/lib/thumb/v7e-m\libc.a(lib_a-vfiprintf.o)
 .debug_frame   0x000034cc       0x2c c:/program files (x86)/atmel/studio/7.0/toolchain/arm/arm-gnu-toolchain/bin/../lib/gcc/arm-none-eabi/6.2.1/../../../../arm-none-eabi/lib/thumb/v7e-m\libc.a(lib_a-wsetup.o)
 .debug_frame   0x000034f8       0x50 c:/program files (x86)/atmel/studio/7.0/toolchain/arm/arm-gnu-toolchain/bin/../lib/gcc/arm-none-eabi/6.2.1/../../../../arm-none-eabi/lib/thumb/v7e-m\libc.a(lib_a-__call_atexit.o)
 .debug_frame   0x00003548       0x20 c:/program files (x86)/atmel/studio/7.0/toolchain/arm/arm-gnu-toolchain/bin/../lib/gcc/arm-none-eabi/6.2.1/../../../../arm-none-eabi/lib/thumb/v7e-m\libc.a(lib_a-atexit.o)
 .debug_frame   0x00003568       0x6c c:/program files (x86)/atmel/studio/7.0/toolchain/arm/arm-gnu-toolchain/bin/../lib/gcc/arm-none-eabi/6.2.1/../../../../arm-none-eabi/lib/thumb/v7e-m\libc.a(lib_a-fflush.o)
 .debug_frame   0x000035d4      0x124 c:/program files (x86)/atmel/studio/7.0/toolchain/arm/arm-gnu-toolchain/bin/../lib/gcc/arm-none-eabi/6.2.1/../../../../arm-none-eabi/lib/thumb/v7e-m\libc.a(lib_a-findfp.o)
 .debug_frame   0x000036f8       0x34 c:/program files (x86)/atmel/studio/7.0/toolchain/arm/arm-gnu-toolchain/bin/../lib/gcc/arm-none-eabi/6.2.1/../../../../arm-none-eabi/lib/thumb/v7e-m\libc.a(lib_a-fini.o)
 .debug_frame   0x0000372c       0x8c c:/program files (x86)/atmel/studio/7.0/toolchain/arm/arm-gnu-toolchain/bin/../lib/gcc/arm-none-eabi/6.2.1/../../../../arm-none-eabi/lib/thumb/v7e-m\libc.a(lib_a-fputwc.o)
 .debug_frame   0x000037b8       0x74 c:/program files (x86)/atmel/studio/7.0/toolchain/arm/arm-gnu-toolchain/bin/../lib/gcc/arm-none-eabi/6.2.1/../../../../arm-none-eabi/lib/thumb/v7e-m\libc.a(lib_a-freer.o)
 .debug_frame   0x0000382c       0x68 c:/program files (x86)/atmel/studio/7.0/toolchain/arm/arm-gnu-toolchain/bin/../lib/gcc/arm-none-eabi/6.2.1/../../../../arm-none-eabi/lib/thumb/v7e-m\libc.a(lib_a-fvwrite.o)
 .debug_frame   0x00003894       0x54 c:/program files (x86)/atmel/studio/7.0/toolchain/arm/arm-gnu-toolchain/bin/../lib/gcc/arm-none-eabi/6.2.1/../../../../arm-none-eabi/lib/thumb/v7e-m\libc.a(lib_a-fwalk.o)
 .debug_frame   0x000038e8       0x6c c:/program files (x86)/atmel/studio/7.0/toolchain/arm/arm-gnu-toolchain/bin/../lib/gcc/arm-none-eabi/6.2.1/../../../../arm-none-eabi/lib/thumb/v7e-m\libc.a(lib_a-locale.o)
 .debug_frame   0x00003954       0x68 c:/program files (x86)/atmel/studio/7.0/toolchain/arm/arm-gnu-toolchain/bin/../lib/gcc/arm-none-eabi/6.2.1/../../../../arm-none-eabi/lib/thumb/v7e-m\libc.a(lib_a-makebuf.o)
 .debug_frame   0x000039bc       0x30 c:/program files (x86)/atmel/studio/7.0/toolchain/arm/arm-gnu-toolchain/bin/../lib/gcc/arm-none-eabi/6.2.1/../../../../arm-none-eabi/lib/thumb/v7e-m\libc.a(lib_a-malloc.o)
 .debug_frame   0x000039ec       0x58 c:/program files (x86)/atmel/studio/7.0/toolchain/arm/arm-gnu-toolchain/bin/../lib/gcc/arm-none-eabi/6.2.1/../../../../arm-none-eabi/lib/thumb/v7e-m\libc.a(lib_a-mallocr.o)
 .debug_frame   0x00003a44       0x4c c:/program files (x86)/atmel/studio/7.0/toolchain/arm/arm-gnu-toolchain/bin/../lib/gcc/arm-none-eabi/6.2.1/../../../../arm-none-eabi/lib/thumb/v7e-m\libc.a(lib_a-mbtowc_r.o)
 .debug_frame   0x00003a90       0x30 c:/program files (x86)/atmel/studio/7.0/toolchain/arm/arm-gnu-toolchain/bin/../lib/gcc/arm-none-eabi/6.2.1/../../../../arm-none-eabi/lib/thumb/v7e-m\libc.a(lib_a-memmove.o)
 .debug_frame   0x00003ac0       0x30 c:/program files (x86)/atmel/studio/7.0/toolchain/arm/arm-gnu-toolchain/bin/../lib/gcc/arm-none-eabi/6.2.1/../../../../arm-none-eabi/lib/thumb/v7e-m\libc.a(lib_a-mlock.o)
 .debug_frame   0x00003af0       0x68 c:/program files (x86)/atmel/studio/7.0/toolchain/arm/arm-gnu-toolchain/bin/../lib/gcc/arm-none-eabi/6.2.1/../../../../arm-none-eabi/lib/thumb/v7e-m\libc.a(lib_a-reallocr.o)
 .debug_frame   0x00003b58       0x2c c:/program files (x86)/atmel/studio/7.0/toolchain/arm/arm-gnu-toolchain/bin/../lib/gcc/arm-none-eabi/6.2.1/../../../../arm-none-eabi/lib/thumb/v7e-m\libc.a(lib_a-sbrkr.o)
 .debug_frame   0x00003b84       0x88 c:/program files (x86)/atmel/studio/7.0/toolchain/arm/arm-gnu-toolchain/bin/../lib/gcc/arm-none-eabi/6.2.1/../../../../arm-none-eabi/lib/thumb/v7e-m\libc.a(lib_a-stdio.o)
 .debug_frame   0x00003c0c       0x40 c:/program files (x86)/atmel/studio/7.0/toolchain/arm/arm-gnu-toolchain/bin/../lib/gcc/arm-none-eabi/6.2.1/../../../../arm-none-eabi/lib/thumb/v7e-m\libc.a(lib_a-wbuf.o)
 .debug_frame   0x00003c4c       0x5c c:/program files (x86)/atmel/studio/7.0/toolchain/arm/arm-gnu-toolchain/bin/../lib/gcc/arm-none-eabi/6.2.1/../../../../arm-none-eabi/lib/thumb/v7e-m\libc.a(lib_a-wcrtomb.o)
 .debug_frame   0x00003ca8       0x3c c:/program files (x86)/atmel/studio/7.0/toolchain/arm/arm-gnu-toolchain/bin/../lib/gcc/arm-none-eabi/6.2.1/../../../../arm-none-eabi/lib/thumb/v7e-m\libc.a(lib_a-wctomb_r.o)
 .debug_frame   0x00003ce4       0x2c c:/program files (x86)/atmel/studio/7.0/toolchain/arm/arm-gnu-toolchain/bin/../lib/gcc/arm-none-eabi/6.2.1/../../../../arm-none-eabi/lib/thumb/v7e-m\libc.a(lib_a-writer.o)
 .debug_frame   0x00003d10       0x34 c:/program files (x86)/atmel/studio/7.0/toolchain/arm/arm-gnu-toolchain/bin/../lib/gcc/arm-none-eabi/6.2.1/../../../../arm-none-eabi/lib/thumb/v7e-m\libc.a(lib_a-__atexit.o)
 .debug_frame   0x00003d44       0x2c c:/program files (x86)/atmel/studio/7.0/toolchain/arm/arm-gnu-toolchain/bin/../lib/gcc/arm-none-eabi/6.2.1/../../../../arm-none-eabi/lib/thumb/v7e-m\libc.a(lib_a-closer.o)
 .debug_frame   0x00003d70       0x3c c:/program files (x86)/atmel/studio/7.0/toolchain/arm/arm-gnu-toolchain/bin/../lib/gcc/arm-none-eabi/6.2.1/../../../../arm-none-eabi/lib/thumb/v7e-m\libc.a(lib_a-fclose.o)
 .debug_frame   0x00003dac       0x2c c:/program files (x86)/atmel/studio/7.0/toolchain/arm/arm-gnu-toolchain/bin/../lib/gcc/arm-none-eabi/6.2.1/../../../../arm-none-eabi/lib/thumb/v7e-m\libc.a(lib_a-fstatr.o)
 .debug_frame   0x00003dd8       0x2c c:/program files (x86)/atmel/studio/7.0/toolchain/arm/arm-gnu-toolchain/bin/../lib/gcc/arm-none-eabi/6.2.1/../../../../arm-none-eabi/lib/thumb/v7e-m\libc.a(lib_a-isattyr.o)
 .debug_frame   0x00003e04       0x2c c:/program files (x86)/atmel/studio/7.0/toolchain/arm/arm-gnu-toolchain/bin/../lib/gcc/arm-none-eabi/6.2.1/../../../../arm-none-eabi/lib/thumb/v7e-m\libc.a(lib_a-lseekr.o)
 .debug_frame   0x00003e30       0x2c c:/program files (x86)/atmel/studio/7.0/toolchain/arm/arm-gnu-toolchain/bin/../lib/gcc/arm-none-eabi/6.2.1/../../../../arm-none-eabi/lib/thumb/v7e-m\libc.a(lib_a-readr.o)
 .debug_frame   0x00003e5c       0x58 c:/program files (x86)/atmel/studio/7.0/toolchain/arm/arm-gnu-toolchain/bin/../lib/gcc/arm-none-eabi/6.2.1/../../../../arm-none-eabi/lib/thumb/v7e-m\libc.a(lib_a-reent.o)
 .debug_frame   0x00003eb4       0x2c c:/program files (x86)/atmel/studio/7.0/toolchain/arm/arm-gnu-toolchain/bin/../lib/gcc/arm-none-eabi/6.2.1/thumb/v7e-m\libgcc.a(_aeabi_uldivmod.o)
 .debug_frame   0x00003ee0       0x34 c:/program files (x86)/atmel/studio/7.0/toolchain/arm/arm-gnu-toolchain/bin/../lib/gcc/arm-none-eabi/6.2.1/thumb/v7e-m\libgcc.a(_udivmoddi4.o)

Cross Reference Table

Symbol                                            File
ACC_Handler                                       src/ASF/sam/utils/cmsis/same70/source/templates/gcc/startup_same70.o
AES_Handler                                       src/ASF/sam/utils/cmsis/same70/source/templates/gcc/startup_same70.o
AFEC0_Handler                                     src/ASF/sam/utils/cmsis/same70/source/templates/gcc/startup_same70.o
AFEC1_Handler                                     src/ASF/sam/utils/cmsis/same70/source/templates/gcc/startup_same70.o
BUTTON_handler                                    src/main.o
BusFault_Handler                                  src/ASF/sam/utils/cmsis/same70/source/templates/gcc/startup_same70.o
DACC_Handler                                      src/ASF/sam/utils/cmsis/same70/source/templates/gcc/startup_same70.o
DebugMon_Handler                                  src/ASF/sam/utils/cmsis/same70/source/templates/gcc/startup_same70.o
Dummy_Handler                                     src/ASF/sam/utils/cmsis/same70/source/templates/gcc/startup_same70.o
EFC_Handler                                       src/ASF/sam/utils/cmsis/same70/source/templates/gcc/startup_same70.o
GMAC_Handler                                      src/ASF/sam/utils/cmsis/same70/source/templates/gcc/startup_same70.o
HSMCI_Handler                                     src/ASF/sam/utils/cmsis/same70/source/templates/gcc/startup_same70.o
HardFault_Handler                                 src/ASF/sam/utils/cmsis/same70/source/templates/gcc/startup_same70.o
ICM_Handler                                       src/ASF/sam/utils/cmsis/same70/source/templates/gcc/startup_same70.o
ISI_Handler                                       src/ASF/sam/utils/cmsis/same70/source/templates/gcc/startup_same70.o
MCAN0_Handler                                     src/ASF/sam/utils/cmsis/same70/source/templates/gcc/startup_same70.o
MCAN1_Handler                                     src/ASF/sam/utils/cmsis/same70/source/templates/gcc/startup_same70.o
MemManage_Handler                                 src/ASF/sam/utils/cmsis/same70/source/templates/gcc/startup_same70.o
NMI_Handler                                       src/ASF/sam/utils/cmsis/same70/source/templates/gcc/startup_same70.o
PIOA_Handler                                      src/ASF/sam/drivers/pio/pio_handler.o
PIOB_Handler                                      src/ASF/sam/drivers/pio/pio_handler.o
PIOC_Handler                                      src/ASF/sam/drivers/pio/pio_handler.o
PIOD_Handler                                      src/ASF/sam/drivers/pio/pio_handler.o
PIOE_Handler                                      src/ASF/sam/drivers/pio/pio_handler.o
PMC_Handler                                       src/ASF/sam/utils/cmsis/same70/source/templates/gcc/startup_same70.o
PWM0_Handler                                      src/ASF/sam/utils/cmsis/same70/source/templates/gcc/startup_same70.o
PWM1_Handler                                      src/ASF/sam/utils/cmsis/same70/source/templates/gcc/startup_same70.o
PendSV_Handler                                    src/ASF/sam/utils/cmsis/same70/source/templates/gcc/startup_same70.o
QSPI_Handler                                      src/ASF/sam/utils/cmsis/same70/source/templates/gcc/startup_same70.o
RSTC_Handler                                      src/ASF/sam/utils/cmsis/same70/source/templates/gcc/startup_same70.o
RSWDT_Handler                                     src/ASF/sam/utils/cmsis/same70/source/templates/gcc/startup_same70.o
RTC_Handler                                       src/ASF/sam/utils/cmsis/same70/source/templates/gcc/startup_same70.o
RTT_Handler                                       src/ASF/sam/utils/cmsis/same70/source/templates/gcc/startup_same70.o
Reset_Handler                                     src/ASF/sam/utils/cmsis/same70/source/templates/gcc/startup_same70.o
SDRAMC_Handler                                    src/ASF/sam/utils/cmsis/same70/source/templates/gcc/startup_same70.o
SPI0_Handler                                      src/ASF/sam/utils/cmsis/same70/source/templates/gcc/startup_same70.o
SPI1_Handler                                      src/ASF/sam/utils/cmsis/same70/source/templates/gcc/startup_same70.o
SSC_Handler                                       src/ASF/sam/utils/cmsis/same70/source/templates/gcc/startup_same70.o
SUPC_Handler                                      src/ASF/sam/utils/cmsis/same70/source/templates/gcc/startup_same70.o
SVC_Handler                                       src/ASF/sam/utils/cmsis/same70/source/templates/gcc/startup_same70.o
SysTick_Handler                                   src/ASF/sam/utils/cmsis/same70/source/templates/gcc/startup_same70.o
SystemCoreClock                                   src/ASF/sam/utils/cmsis/same70/source/templates/system_same70.o
SystemCoreClockUpdate                             src/ASF/sam/utils/cmsis/same70/source/templates/system_same70.o
                                                  src/ASF/common/services/clock/same70/sysclk.o
SystemInit                                        src/ASF/sam/utils/cmsis/same70/source/templates/system_same70.o
TC0_Handler                                       src/ASF/sam/utils/cmsis/same70/source/templates/gcc/startup_same70.o
TC10_Handler                                      src/ASF/sam/utils/cmsis/same70/source/templates/gcc/startup_same70.o
TC11_Handler                                      src/ASF/sam/utils/cmsis/same70/source/templates/gcc/startup_same70.o
TC1_Handler                                       src/main.o
                                                  src/ASF/sam/utils/cmsis/same70/source/templates/gcc/startup_same70.o
TC2_Handler                                       src/ASF/sam/utils/cmsis/same70/source/templates/gcc/startup_same70.o
TC3_Handler                                       src/ASF/sam/utils/cmsis/same70/source/templates/gcc/startup_same70.o
TC4_Handler                                       src/ASF/sam/utils/cmsis/same70/source/templates/gcc/startup_same70.o
TC5_Handler                                       src/ASF/sam/utils/cmsis/same70/source/templates/gcc/startup_same70.o
TC6_Handler                                       src/ASF/sam/utils/cmsis/same70/source/templates/gcc/startup_same70.o
TC7_Handler                                       src/ASF/sam/utils/cmsis/same70/source/templates/gcc/startup_same70.o
TC8_Handler                                       src/ASF/sam/utils/cmsis/same70/source/templates/gcc/startup_same70.o
TC9_Handler                                       src/ASF/sam/utils/cmsis/same70/source/templates/gcc/startup_same70.o
TRNG_Handler                                      src/ASF/sam/utils/cmsis/same70/source/templates/gcc/startup_same70.o
TWIHS0_Handler                                    src/ASF/sam/utils/cmsis/same70/source/templates/gcc/startup_same70.o
TWIHS1_Handler                                    src/ASF/sam/utils/cmsis/same70/source/templates/gcc/startup_same70.o
TWIHS2_Handler                                    src/ASF/sam/utils/cmsis/same70/source/templates/gcc/startup_same70.o
UART0_Handler                                     src/ASF/sam/utils/cmsis/same70/source/templates/gcc/startup_same70.o
UART1_Handler                                     src/ASF/sam/utils/cmsis/same70/source/templates/gcc/startup_same70.o
UART2_Handler                                     src/ASF/sam/utils/cmsis/same70/source/templates/gcc/startup_same70.o
UART3_Handler                                     src/ASF/sam/utils/cmsis/same70/source/templates/gcc/startup_same70.o
UART4_Handler                                     src/ASF/sam/utils/cmsis/same70/source/templates/gcc/startup_same70.o
USART0_Handler                                    src/ASF/sam/utils/cmsis/same70/source/templates/gcc/startup_same70.o
USART1_Handler                                    src/ASF/sam/utils/cmsis/same70/source/templates/gcc/startup_same70.o
USART2_Handler                                    src/ASF/sam/utils/cmsis/same70/source/templates/gcc/startup_same70.o
USBHS_Handler                                     src/ASF/sam/utils/cmsis/same70/source/templates/gcc/startup_same70.o
UsageFault_Handler                                src/ASF/sam/utils/cmsis/same70/source/templates/gcc/startup_same70.o
WDT_Handler                                       src/ASF/sam/utils/cmsis/same70/source/templates/gcc/startup_same70.o
XDMAC_Handler                                     src/ASF/sam/utils/cmsis/same70/source/templates/gcc/startup_same70.o
_Jv_RegisterClasses                               c:/program files (x86)/atmel/studio/7.0/toolchain/arm/arm-gnu-toolchain/bin/../lib/gcc/arm-none-eabi/6.2.1/thumb/v7e-m/crtbegin.o
_PathLocale                                       c:/program files (x86)/atmel/studio/7.0/toolchain/arm/arm-gnu-toolchain/bin/../lib/gcc/arm-none-eabi/6.2.1/../../../../arm-none-eabi/lib/thumb/v7e-m\libc.a(lib_a-locale.o)
__aeabi_idiv0                                     c:/program files (x86)/atmel/studio/7.0/toolchain/arm/arm-gnu-toolchain/bin/../lib/gcc/arm-none-eabi/6.2.1/thumb/v7e-m\libgcc.a(_dvmd_tls.o)
__aeabi_ldiv0                                     c:/program files (x86)/atmel/studio/7.0/toolchain/arm/arm-gnu-toolchain/bin/../lib/gcc/arm-none-eabi/6.2.1/thumb/v7e-m\libgcc.a(_dvmd_tls.o)